Release 14.7 - xst P.20131013 (nt64)
Copyright (c) 1995-2013 Xilinx, Inc.  All rights reserved.
--> Parameter TMPDIR set to xst/projnav.tmp


Total REAL time to Xst completion: 0.00 secs
Total CPU time to Xst completion: 0.35 secs
 
--> Parameter xsthdpdir set to xst


Total REAL time to Xst completion: 0.00 secs
Total CPU time to Xst completion: 0.36 secs
 
--> Reading design: GasDetectorSensor.prj

TABLE OF CONTENTS
  1) Synthesis Options Summary
  2) HDL Compilation
  3) Design Hierarchy Analysis
  4) HDL Analysis
  5) HDL Synthesis
     5.1) HDL Synthesis Report
  6) Advanced HDL Synthesis
     6.1) Advanced HDL Synthesis Report
  7) Low Level Synthesis
  8) Partition Report
  9) Final Report
	9.1) Device utilization summary
	9.2) Partition Resource Summary
	9.3) TIMING REPORT


=========================================================================
*                      Synthesis Options Summary                        *
=========================================================================
---- Source Parameters
Input File Name                    : "GasDetectorSensor.prj"
Input Format                       : mixed
Ignore Synthesis Constraint File   : NO

---- Target Parameters
Output File Name                   : "GasDetectorSensor"
Output Format                      : NGC
Target Device                      : xc3s50-4-pq208

---- Source Options
Top Module Name                    : GasDetectorSensor
Automatic FSM Extraction           : YES
FSM Encoding Algorithm             : Auto
Safe Implementation                : No
FSM Style                          : LUT
RAM Extraction                     : Yes
RAM Style                          : Auto
ROM Extraction                     : Yes
Mux Style                          : Auto
Decoder Extraction                 : YES
Priority Encoder Extraction        : Yes
Shift Register Extraction          : YES
Logical Shifter Extraction         : YES
XOR Collapsing                     : YES
ROM Style                          : Auto
Mux Extraction                     : Yes
Resource Sharing                   : YES
Asynchronous To Synchronous        : NO
Multiplier Style                   : Auto
Automatic Register Balancing       : No

---- Target Options
Add IO Buffers                     : YES
Global Maximum Fanout              : 100000
Add Generic Clock Buffer(BUFG)     : 8
Register Duplication               : YES
Slice Packing                      : YES
Optimize Instantiated Primitives   : NO
Use Clock Enable                   : Yes
Use Synchronous Set                : Yes
Use Synchronous Reset              : Yes
Pack IO Registers into IOBs        : Auto
Equivalent register Removal        : YES

---- General Options
Optimization Goal                  : Speed
Optimization Effort                : 1
Keep Hierarchy                     : No
Netlist Hierarchy                  : As_Optimized
RTL Output                         : Yes
Global Optimization                : AllClockNets
Read Cores                         : YES
Write Timing Constraints           : NO
Cross Clock Analysis               : NO
Hierarchy Separator                : /
Bus Delimiter                      : <>
Case Specifier                     : Maintain
Slice Utilization Ratio            : 100
BRAM Utilization Ratio             : 100
Verilog 2001                       : YES
Auto BRAM Packing                  : NO
Slice Utilization Ratio Delta      : 5

=========================================================================


=========================================================================
*                          HDL Compilation                              *
=========================================================================
Compiling verilog file "coDetector.v" in library work
Compiling verilog file "co2Detector.v" in library work
Module <coDetector> compiled
Compiling verilog file "ch4Detector.v" in library work
Module <co2Detector> compiled
Compiling verilog file "GasDetectorSensor.v" in library work
Module <ch4Detector> compiled
Module <GasDetectorSensor> compiled
No errors in compilation
Analysis of file <"GasDetectorSensor.prj"> succeeded.
 

=========================================================================
*                     Design Hierarchy Analysis                         *
=========================================================================
Analyzing hierarchy for module <GasDetectorSensor> in library <work>.

Analyzing hierarchy for module <ch4Detector> in library <work> with parameters.
	S0 = "0000"
	S1 = "0001"
	S10 = "1010"
	S2 = "0010"
	S3 = "0011"
	S4 = "0100"
	S5 = "0101"
	S6 = "0110"
	S7 = "0111"
	S8 = "1000"
	S9 = "1001"

Analyzing hierarchy for module <coDetector> in library <work> with parameters.
	S0 = "0000"
	S1 = "0001"
	S10 = "1010"
	S11 = "1011"
	S12 = "1100"
	S2 = "0010"
	S3 = "0011"
	S4 = "0100"
	S5 = "0101"
	S6 = "0110"
	S7 = "0111"
	S8 = "1000"
	S9 = "1001"

Analyzing hierarchy for module <co2Detector> in library <work> with parameters.
	S0 = "0000"
	S1 = "0001"
	S2 = "0010"
	S3 = "0011"
	S4 = "0100"
	S5 = "0101"
	S6 = "0110"
	S7 = "0111"
	S8 = "1000"
	S9 = "1001"


=========================================================================
*                            HDL Analysis                               *
=========================================================================
Analyzing top module <GasDetectorSensor>.
Module <GasDetectorSensor> is correct for synthesis.
 
Analyzing module <ch4Detector> in library <work>.
	S0 = 4'b0000
	S1 = 4'b0001
	S10 = 4'b1010
	S2 = 4'b0010
	S3 = 4'b0011
	S4 = 4'b0100
	S5 = 4'b0101
	S6 = 4'b0110
	S7 = 4'b0111
	S8 = 4'b1000
	S9 = 4'b1001
Module <ch4Detector> is correct for synthesis.
 
Analyzing module <coDetector> in library <work>.
	S0 = 4'b0000
	S1 = 4'b0001
	S10 = 4'b1010
	S11 = 4'b1011
	S12 = 4'b1100
	S2 = 4'b0010
	S3 = 4'b0011
	S4 = 4'b0100
	S5 = 4'b0101
	S6 = 4'b0110
	S7 = 4'b0111
	S8 = 4'b1000
	S9 = 4'b1001
Module <coDetector> is correct for synthesis.
 
Analyzing module <co2Detector> in library <work>.
	S0 = 4'b0000
	S1 = 4'b0001
	S2 = 4'b0010
	S3 = 4'b0011
	S4 = 4'b0100
	S5 = 4'b0101
	S6 = 4'b0110
	S7 = 4'b0111
	S8 = 4'b1000
	S9 = 4'b1001
Module <co2Detector> is correct for synthesis.
 

=========================================================================
*                           HDL Synthesis                               *
=========================================================================

Performing bidirectional port resolution...

Synthesizing Unit <ch4Detector>.
    Related source file is "ch4Detector.v".
    Found finite state machine <FSM_0> for signal <state>.
    -----------------------------------------------------------------------
    | States             | 11                                             |
    | Transitions        | 22                                             |
    | Inputs             | 1                                              |
    | Outputs            | 7                                              |
    | Clock              | CLK                       (rising_edge)        |
    | Reset              | RST                       (negative)           |
    | Reset type         | asynchronous                                   |
    | Reset State        | 0000                                           |
    | Encoding           | automatic                                      |
    | Implementation     | LUT                                            |
    -----------------------------------------------------------------------
    Summary:
	inferred   1 Finite State Machine(s).
Unit <ch4Detector> synthesized.


Synthesizing Unit <coDetector>.
    Related source file is "coDetector.v".
    Found finite state machine <FSM_1> for signal <state>.
    -----------------------------------------------------------------------
    | States             | 13                                             |
    | Transitions        | 26                                             |
    | Inputs             | 1                                              |
    | Outputs            | 9                                              |
    | Clock              | CLK                       (rising_edge)        |
    | Reset              | RST                       (negative)           |
    | Reset type         | asynchronous                                   |
    | Reset State        | 0000                                           |
    | Encoding           | automatic                                      |
    | Implementation     | LUT                                            |
    -----------------------------------------------------------------------
    Summary:
	inferred   1 Finite State Machine(s).
Unit <coDetector> synthesized.


Synthesizing Unit <co2Detector>.
    Related source file is "co2Detector.v".
    Found finite state machine <FSM_2> for signal <state>.
    -----------------------------------------------------------------------
    | States             | 10                                             |
    | Transitions        | 20                                             |
    | Inputs             | 1                                              |
    | Outputs            | 6                                              |
    | Clock              | CLK                       (rising_edge)        |
    | Reset              | RST                       (negative)           |
    | Reset type         | asynchronous                                   |
    | Reset State        | 0000                                           |
    | Encoding           | automatic                                      |
    | Implementation     | LUT                                            |
    -----------------------------------------------------------------------
    Summary:
	inferred   1 Finite State Machine(s).
Unit <co2Detector> synthesized.


Synthesizing Unit <GasDetectorSensor>.
    Related source file is "GasDetectorSensor.v".
Unit <GasDetectorSensor> synthesized.


=========================================================================
HDL Synthesis Report

Found no macro
=========================================================================

=========================================================================
*                       Advanced HDL Synthesis                          *
=========================================================================

Analyzing FSM <FSM_2> for best encoding.
Optimizing FSM <third/state/FSM> on signal <state[1:10]> with one-hot encoding.
---------------------
 State | Encoding
---------------------
 0000  | 0000000001
 0001  | 0000000010
 0010  | 0000000100
 0011  | 0000001000
 0100  | 0000010000
 0101  | 0000100000
 0110  | 0001000000
 0111  | 0010000000
 1000  | 0100000000
 1001  | 1000000000
---------------------
Analyzing FSM <FSM_1> for best encoding.
Optimizing FSM <second/state/FSM> on signal <state[1:13]> with one-hot encoding.
------------------------
 State | Encoding
------------------------
 0000  | 0000000000001
 0001  | 0000000000010
 0010  | 0000000000100
 0011  | 0000000001000
 0100  | 0000000010000
 0101  | 0000000100000
 0110  | 0000001000000
 0111  | 0000010000000
 1000  | 0000100000000
 1001  | 0001000000000
 1010  | 0010000000000
 1011  | 0100000000000
 1100  | 1000000000000
------------------------
Analyzing FSM <FSM_0> for best encoding.
Optimizing FSM <first/state/FSM> on signal <state[1:11]> with one-hot encoding.
----------------------
 State | Encoding
----------------------
 0000  | 00000000001
 0001  | 00000000010
 0010  | 00000000100
 0011  | 00000001000
 0100  | 00000010000
 0101  | 00000100000
 0110  | 00001000000
 0111  | 00010000000
 1000  | 00100000000
 1001  | 01000000000
 1010  | 10000000000
----------------------

=========================================================================
Advanced HDL Synthesis Report

Macro Statistics
# FSMs                                                 : 3

=========================================================================

=========================================================================
*                         Low Level Synthesis                           *
=========================================================================

Optimizing unit <GasDetectorSensor> ...

Mapping all equations...
Building and optimizing final netlist ...
Found area constraint ratio of 100 (+ 5) on block GasDetectorSensor, actual ratio is 3.

Final Macro Processing ...

=========================================================================
Final Register Report

Macro Statistics
# Registers                                            : 32
 Flip-Flops                                            : 32

=========================================================================

=========================================================================
*                           Partition Report                            *
=========================================================================

Partition Implementation Status
-------------------------------

  No Partitions were found in this design.

-------------------------------

=========================================================================
*                            Final Report                               *
=========================================================================
Final Results
RTL Top Level Output File Name     : GasDetectorSensor.ngr
Top Level Output File Name         : GasDetectorSensor
Output Format                      : NGC
Optimization Goal                  : Speed
Keep Hierarchy                     : No

Design Statistics
# IOs                              : 6

Cell Usage :
# BELS                             : 42
#      INV                         : 1
#      LUT2                        : 24
#      LUT3                        : 5
#      LUT3_L                      : 2
#      LUT4                        : 10
# FlipFlops/Latches                : 32
#      FDC                         : 31
#      FDP                         : 1
# Clock Buffers                    : 1
#      BUFGP                       : 1
# IO Buffers                       : 5
#      IBUF                        : 2
#      OBUF                        : 3
=========================================================================

Device utilization summary:
---------------------------

Selected Device : 3s50pq208-4 

 Number of Slices:                       23  out of    768     2%  
 Number of Slice Flip Flops:             32  out of   1536     2%  
 Number of 4 input LUTs:                 42  out of   1536     2%  
 Number of IOs:                           6
 Number of bonded IOBs:                   6  out of    124     4%  
 Number of GCLKs:                         1  out of      8    12%  

---------------------------
Partition Resource Summary:
---------------------------

  No Partitions were found in this design.

---------------------------


=========================================================================
TIMING REPORT

NOTE: THESE TIMING NUMBERS ARE ONLY A SYNTHESIS ESTIMATE.
      FOR ACCURATE TIMING INFORMATION PLEASE REFER TO THE TRACE REPORT
      GENERATED AFTER PLACE-and-ROUTE.

Clock Information:
------------------
-----------------------------------+------------------------+-------+
Clock Signal                       | Clock buffer(FF name)  | Load  |
-----------------------------------+------------------------+-------+
clk                                | BUFGP                  | 32    |
-----------------------------------+------------------------+-------+

Asynchronous Control Signals Information:
----------------------------------------
-------------------------------------------------------------------+---------------------------+-------+
Control Signal                                                     | Buffer(FF name)           | Load  |
-------------------------------------------------------------------+---------------------------+-------+
first/state_FSM_Acst_FSM_inv(first/state_FSM_Acst_FSM_inv1_INV_0:O)| NONE(first/state_FSM_FFd1)| 32    |
-------------------------------------------------------------------+---------------------------+-------+

Timing Summary:
---------------
Speed Grade: -4

   Minimum period: 3.367ns (Maximum Frequency: 297.000MHz)
   Minimum input arrival time before clock: 4.444ns
   Maximum output required time after clock: 10.509ns
   Maximum combinational path delay: No path found

Timing Detail:
--------------
All values displayed in nanoseconds (ns)

=========================================================================
Timing constraint: Default period analysis for Clock 'clk'
  Clock period: 3.367ns (frequency: 297.000MHz)
  Total number of paths / destination ports: 49 / 32
-------------------------------------------------------------------------
Delay:               3.367ns (Levels of Logic = 2)
  Source:            first/state_FSM_FFd11 (FF)
  Destination:       first/state_FSM_FFd11 (FF)
  Source Clock:      clk rising
  Destination Clock: clk rising

  Data Path: first/state_FSM_FFd11 to first/state_FSM_FFd11
                                Gate     Net
    Cell:in->out      fanout   Delay   Delay  Logical Name (Net Name)
    ----------------------------------------  ------------
     FDP:C->Q              2   0.720   1.216  first/state_FSM_FFd11 (first/state_FSM_FFd11)
     LUT3_L:I0->LO         1   0.551   0.126  first/state_FSM_FFd11-In_SW0 (N18)
     LUT4:I3->O            1   0.551   0.000  first/state_FSM_FFd11-In (first/state_FSM_FFd11-In)
     FDP:D                     0.203          first/state_FSM_FFd11
    ----------------------------------------
    Total                      3.367ns (2.025ns logic, 1.342ns route)
                                       (60.1% logic, 39.9% route)

=========================================================================
Timing constraint: Default OFFSET IN BEFORE for Clock 'clk'
  Total number of paths / destination ports: 32 / 32
-------------------------------------------------------------------------
Offset:              4.444ns (Levels of Logic = 3)
  Source:            din (PAD)
  Destination:       second/state_FSM_FFd12 (FF)
  Destination Clock: clk rising

  Data Path: din to second/state_FSM_FFd12
                                Gate     Net
    Cell:in->out      fanout   Delay   Delay  Logical Name (Net Name)
    ----------------------------------------  ------------
     IBUF:I->O            32   0.821   2.192  din_IBUF (din_IBUF)
     LUT3_L:I0->LO         1   0.551   0.126  second/state_FSM_FFd12-In_SW0 (N12)
     LUT4:I3->O            1   0.551   0.000  second/state_FSM_FFd12-In (second/state_FSM_FFd12-In)
     FDC:D                     0.203          second/state_FSM_FFd12
    ----------------------------------------
    Total                      4.444ns (2.126ns logic, 2.318ns route)
                                       (47.8% logic, 52.2% route)

=========================================================================
Timing constraint: Default OFFSET OUT AFTER for Clock 'clk'
  Total number of paths / destination ports: 22 / 3
-------------------------------------------------------------------------
Offset:              10.509ns (Levels of Logic = 3)
  Source:            first/state_FSM_FFd5 (FF)
  Destination:       dout<0> (PAD)
  Source Clock:      clk rising

  Data Path: first/state_FSM_FFd5 to dout<0>
                                Gate     Net
    Cell:in->out      fanout   Delay   Delay  Logical Name (Net Name)
    ----------------------------------------  ------------
     FDC:C->Q              3   0.720   1.246  first/state_FSM_FFd5 (first/state_FSM_FFd5)
     LUT4:I0->O            1   0.551   0.996  first/Z_SW0 (N16)
     LUT4:I1->O            1   0.551   0.801  first/Z (dout_0_OBUF)
     OBUF:I->O                 5.644          dout_0_OBUF (dout<0>)
    ----------------------------------------
    Total                     10.509ns (7.466ns logic, 3.043ns route)
                                       (71.0% logic, 29.0% route)

=========================================================================


Total REAL time to Xst completion: 16.00 secs
Total CPU time to Xst completion: 16.37 secs
 
--> 

Total memory usage is 4522000 kilobytes

Number of errors   :    0 (   0 filtered)
Number of warnings :    0 (   0 filtered)
Number of infos    :    0 (   0 filtered)

