Release 14.7 - xst P.20131013 (nt64)
Copyright (c) 1995-2013 Xilinx, Inc.  All rights reserved.
--> Parameter TMPDIR set to xst/projnav.tmp


Total REAL time to Xst completion: 0.00 secs
Total CPU time to Xst completion: 0.83 secs
 
--> Parameter xsthdpdir set to xst


Total REAL time to Xst completion: 1.00 secs
Total CPU time to Xst completion: 0.83 secs
 
--> Reading design: Multiplier8x8.prj

TABLE OF CONTENTS
  1) Synthesis Options Summary
  2) HDL Compilation
  3) Design Hierarchy Analysis
  4) HDL Analysis
  5) HDL Synthesis
     5.1) HDL Synthesis Report
  6) Advanced HDL Synthesis
     6.1) Advanced HDL Synthesis Report
  7) Low Level Synthesis
  8) Partition Report
  9) Final Report
	9.1) Device utilization summary
	9.2) Partition Resource Summary
	9.3) TIMING REPORT


=========================================================================
*                      Synthesis Options Summary                        *
=========================================================================
---- Source Parameters
Input File Name                    : "Multiplier8x8.prj"
Input Format                       : mixed
Ignore Synthesis Constraint File   : NO

---- Target Parameters
Output File Name                   : "Multiplier8x8"
Output Format                      : NGC
Target Device                      : xc3s50-4-pq208

---- Source Options
Top Module Name                    : Multiplier8x8
Automatic FSM Extraction           : YES
FSM Encoding Algorithm             : Auto
Safe Implementation                : No
FSM Style                          : LUT
RAM Extraction                     : Yes
RAM Style                          : Auto
ROM Extraction                     : Yes
Mux Style                          : Auto
Decoder Extraction                 : YES
Priority Encoder Extraction        : Yes
Shift Register Extraction          : YES
Logical Shifter Extraction         : YES
XOR Collapsing                     : YES
ROM Style                          : Auto
Mux Extraction                     : Yes
Resource Sharing                   : YES
Asynchronous To Synchronous        : NO
Multiplier Style                   : Auto
Automatic Register Balancing       : No

---- Target Options
Add IO Buffers                     : YES
Global Maximum Fanout              : 500
Add Generic Clock Buffer(BUFG)     : 8
Register Duplication               : YES
Slice Packing                      : YES
Optimize Instantiated Primitives   : NO
Use Clock Enable                   : Yes
Use Synchronous Set                : Yes
Use Synchronous Reset              : Yes
Pack IO Registers into IOBs        : Auto
Equivalent register Removal        : YES

---- General Options
Optimization Goal                  : Speed
Optimization Effort                : 1
Keep Hierarchy                     : No
Netlist Hierarchy                  : As_Optimized
RTL Output                         : Yes
Global Optimization                : AllClockNets
Read Cores                         : YES
Write Timing Constraints           : NO
Cross Clock Analysis               : NO
Hierarchy Separator                : /
Bus Delimiter                      : <>
Case Specifier                     : Maintain
Slice Utilization Ratio            : 100
BRAM Utilization Ratio             : 100
Verilog 2001                       : YES
Auto BRAM Packing                  : NO
Slice Utilization Ratio Delta      : 5

=========================================================================


=========================================================================
*                          HDL Compilation                              *
=========================================================================
Compiling verilog file "HA.v" in library work
Compiling verilog file "FA.v" in library work
Module <HA> compiled
Compiling verilog file "FA8bit.v" in library work
Module <FA> compiled
Compiling verilog file "Multiplier8x8.v" in library work
Module <FA8bit> compiled
Module <Multiplier8x8> compiled
No errors in compilation
Analysis of file <"Multiplier8x8.prj"> succeeded.
 

=========================================================================
*                     Design Hierarchy Analysis                         *
=========================================================================
Analyzing hierarchy for module <Multiplier8x8> in library <work>.

Analyzing hierarchy for module <FA8bit> in library <work>.

Analyzing hierarchy for module <FA> in library <work>.

Analyzing hierarchy for module <HA> in library <work>.


=========================================================================
*                            HDL Analysis                               *
=========================================================================
Analyzing top module <Multiplier8x8>.
Module <Multiplier8x8> is correct for synthesis.
 
Analyzing module <FA8bit> in library <work>.
Module <FA8bit> is correct for synthesis.
 
Analyzing module <FA> in library <work>.
Module <FA> is correct for synthesis.
 
Analyzing module <HA> in library <work>.
Module <HA> is correct for synthesis.
 

=========================================================================
*                           HDL Synthesis                               *
=========================================================================

Performing bidirectional port resolution...

Synthesizing Unit <HA>.
    Related source file is "HA.v".
    Found 1-bit xor2 for signal <sum>.
Unit <HA> synthesized.


Synthesizing Unit <FA>.
    Related source file is "FA.v".
Unit <FA> synthesized.


Synthesizing Unit <FA8bit>.
    Related source file is "FA8bit.v".
Unit <FA8bit> synthesized.


Synthesizing Unit <Multiplier8x8>.
    Related source file is "Multiplier8x8.v".
WARNING:Xst:1780 - Signal <c6> is never used or assigned. This unconnected signal will be trimmed during the optimization process.
WARNING:Xst:646 - Signal <S2<0>> is assigned but never used. This unconnected signal will be trimmed during the optimization process.
Unit <Multiplier8x8> synthesized.


=========================================================================
HDL Synthesis Report

Macro Statistics
# Xors                                                 : 112
 1-bit xor2                                            : 112

=========================================================================

=========================================================================
*                       Advanced HDL Synthesis                          *
=========================================================================


=========================================================================
Advanced HDL Synthesis Report

Macro Statistics
# Xors                                                 : 112
 1-bit xor2                                            : 112

=========================================================================

=========================================================================
*                         Low Level Synthesis                           *
=========================================================================

Optimizing unit <Multiplier8x8> ...

Optimizing unit <FA8bit> ...

Mapping all equations...
Building and optimizing final netlist ...
Found area constraint ratio of 100 (+ 5) on block Multiplier8x8, actual ratio is 12.

Final Macro Processing ...

=========================================================================
Final Register Report

Found no macro
=========================================================================

=========================================================================
*                           Partition Report                            *
=========================================================================

Partition Implementation Status
-------------------------------

  No Partitions were found in this design.

-------------------------------

=========================================================================
*                            Final Report                               *
=========================================================================
Final Results
RTL Top Level Output File Name     : Multiplier8x8.ngr
Top Level Output File Name         : Multiplier8x8
Output Format                      : NGC
Optimization Goal                  : Speed
Keep Hierarchy                     : No

Design Statistics
# IOs                              : 32

Cell Usage :
# BELS                             : 134
#      GND                         : 1
#      LUT2                        : 14
#      LUT3                        : 4
#      LUT4                        : 107
#      MUXF5                       : 8
# IO Buffers                       : 32
#      IBUF                        : 16
#      OBUF                        : 16
=========================================================================

Device utilization summary:
---------------------------

Selected Device : 3s50pq208-4 

 Number of Slices:                       71  out of    768     9%  
 Number of 4 input LUTs:                125  out of   1536     8%  
 Number of IOs:                          32
 Number of bonded IOBs:                  32  out of    124    25%  

---------------------------
Partition Resource Summary:
---------------------------

  No Partitions were found in this design.

---------------------------


=========================================================================
TIMING REPORT

NOTE: THESE TIMING NUMBERS ARE ONLY A SYNTHESIS ESTIMATE.
      FOR ACCURATE TIMING INFORMATION PLEASE REFER TO THE TRACE REPORT
      GENERATED AFTER PLACE-and-ROUTE.

Clock Information:
------------------
No clock signals found in this design

Asynchronous Control Signals Information:
----------------------------------------
No asynchronous control signals found in this design

Timing Summary:
---------------
Speed Grade: -4

   Minimum period: No path found
   Minimum input arrival time before clock: No path found
   Maximum output required time after clock: No path found
   Maximum combinational path delay: 89.254ns

Timing Detail:
--------------
All values displayed in nanoseconds (ns)

=========================================================================
Timing constraint: Default path analysis
  Total number of paths / destination ports: 884456 / 16
-------------------------------------------------------------------------
Delay:               89.254ns (Levels of Logic = 49)
  Source:            A<4> (PAD)
  Destination:       P<15> (PAD)

  Data Path: A<4> to P<15>
                                Gate     Net
    Cell:in->out      fanout   Delay   Delay  Logical Name (Net Name)
    ----------------------------------------  ------------
     IBUF:I->O            18   0.821   1.612  A_4_IBUF (A_4_IBUF)
     LUT4:I1->O            3   0.551   0.933  FA8bit_0/fa3/co1_SW0 (N10)
     LUT4:I3->O            2   0.551   0.877  FA8bit_0/fa5/co1_SW0 (N14)
     MUXF5:S->O            4   0.621   1.112  FA8bit_0/fa6/co1_f5 (FA8bit_0/c7)
     LUT4:I1->O            2   0.551   0.877  FA8bit_1/fa0/co1 (FA8bit_1/c1)
     MUXF5:S->O            2   0.621   1.216  FA8bit_1/fa1/co1_f5 (FA8bit_1/c2)
     LUT4:I0->O            2   0.551   1.216  FA8bit_1/fa2/co1 (FA8bit_1/c3)
     LUT4:I0->O            2   0.551   1.216  FA8bit_1/fa3/co1 (FA8bit_1/c4)
     LUT4:I0->O            2   0.551   1.216  FA8bit_1/fa4/co1 (FA8bit_1/c5)
     LUT4:I0->O            2   0.551   1.216  FA8bit_1/fa5/co1 (FA8bit_1/c6)
     LUT4:I0->O            3   0.551   1.102  FA8bit_1/fa6/co1 (FA8bit_1/c7)
     LUT4:I1->O            2   0.551   1.216  FA8bit_2/fa0/co1 (FA8bit_2/c1)
     LUT4:I0->O            2   0.551   1.216  FA8bit_2/fa1/co1 (FA8bit_2/c2)
     LUT4:I0->O            2   0.551   1.216  FA8bit_2/fa2/co1 (FA8bit_2/c3)
     LUT4:I0->O            2   0.551   1.216  FA8bit_2/fa3/co1 (FA8bit_2/c4)
     LUT4:I0->O            2   0.551   1.216  FA8bit_2/fa4/co1 (FA8bit_2/c5)
     LUT4:I0->O            2   0.551   1.216  FA8bit_2/fa5/co1 (FA8bit_2/c6)
     LUT4:I0->O            1   0.551   1.140  FA8bit_2/fa6/co1 (FA8bit_2/c7)
     LUT4:I0->O            2   0.551   1.216  FA8bit_2/fa7/co (c2)
     LUT3:I0->O            2   0.551   1.216  FA8bit_3/fa0/co1 (FA8bit_3/c1)
     LUT4:I0->O            2   0.551   1.216  FA8bit_3/fa1/co1 (FA8bit_3/c2)
     LUT4:I0->O            2   0.551   1.216  FA8bit_3/fa2/co1 (FA8bit_3/c3)
     LUT4:I0->O            2   0.551   1.216  FA8bit_3/fa3/co1 (FA8bit_3/c4)
     LUT4:I0->O            2   0.551   1.216  FA8bit_3/fa4/co1 (FA8bit_3/c5)
     LUT4:I0->O            2   0.551   1.216  FA8bit_3/fa5/co1 (FA8bit_3/c6)
     LUT4:I0->O            3   0.551   1.102  FA8bit_3/fa6/co1 (FA8bit_3/c7)
     LUT4:I1->O            2   0.551   1.216  FA8bit_4/fa0/co1 (FA8bit_4/c1)
     LUT4:I0->O            2   0.551   1.216  FA8bit_4/fa1/co1 (FA8bit_4/c2)
     LUT4:I0->O            2   0.551   1.216  FA8bit_4/fa2/co1 (FA8bit_4/c3)
     LUT4:I0->O            2   0.551   1.216  FA8bit_4/fa3/co1 (FA8bit_4/c4)
     LUT4:I0->O            2   0.551   1.216  FA8bit_4/fa4/co1 (FA8bit_4/c5)
     LUT4:I0->O            2   0.551   1.216  FA8bit_4/fa5/co1 (FA8bit_4/c6)
     LUT4:I0->O            3   0.551   1.102  FA8bit_4/fa6/co1 (FA8bit_4/c7)
     LUT4:I1->O            2   0.551   1.216  FA8bit_5/fa0/co1 (FA8bit_5/c1)
     LUT4:I0->O            2   0.551   1.216  FA8bit_5/fa1/co1 (FA8bit_5/c2)
     LUT4:I0->O            2   0.551   1.216  FA8bit_5/fa2/co1 (FA8bit_5/c3)
     LUT4:I0->O            2   0.551   1.216  FA8bit_5/fa3/co1 (FA8bit_5/c4)
     LUT4:I0->O            2   0.551   1.216  FA8bit_5/fa4/co1 (FA8bit_5/c5)
     LUT4:I0->O            2   0.551   1.216  FA8bit_5/fa5/co1 (FA8bit_5/c6)
     LUT4:I0->O            3   0.551   1.102  FA8bit_5/fa6/co1 (FA8bit_5/c7)
     LUT4:I1->O            2   0.551   1.216  FA8bit_6/fa0/co1 (FA8bit_6/c1)
     LUT4:I0->O            2   0.551   1.216  FA8bit_6/fa1/co1 (FA8bit_6/c2)
     LUT4:I0->O            2   0.551   1.216  FA8bit_6/fa2/co1 (FA8bit_6/c3)
     LUT4:I0->O            2   0.551   1.216  FA8bit_6/fa3/co1 (FA8bit_6/c4)
     LUT4:I0->O            2   0.551   1.216  FA8bit_6/fa4/co1 (FA8bit_6/c5)
     LUT4:I0->O            2   0.551   1.216  FA8bit_6/fa5/co1 (FA8bit_6/c6)
     LUT4:I0->O            2   0.551   1.216  FA8bit_6/fa6/co1 (FA8bit_6/c7)
     LUT4:I0->O            1   0.551   0.801  FA8bit_6/fa7/co1 (P_15_OBUF)
     OBUF:I->O                 5.644          P_15_OBUF (P<15>)
    ----------------------------------------
    Total                     89.254ns (32.502ns logic, 56.752ns route)
                                       (36.4% logic, 63.6% route)

=========================================================================


Total REAL time to Xst completion: 23.00 secs
Total CPU time to Xst completion: 22.95 secs
 
--> 

Total memory usage is 4522572 kilobytes

Number of errors   :    0 (   0 filtered)
Number of warnings :   10 (   0 filtered)
Number of infos    :    0 (   0 filtered)

