Release 14.7 - xst P.20131013 (nt64)
Copyright (c) 1995-2013 Xilinx, Inc.  All rights reserved.
--> Parameter TMPDIR set to xst/projnav.tmp


Total REAL time to Xst completion: 0.00 secs
Total CPU time to Xst completion: 0.34 secs
 
--> Parameter xsthdpdir set to xst


Total REAL time to Xst completion: 0.00 secs
Total CPU time to Xst completion: 0.34 secs
 
--> Reading design: TemperatureCalculator.prj

TABLE OF CONTENTS
  1) Synthesis Options Summary
  2) HDL Compilation
  3) Design Hierarchy Analysis
  4) HDL Analysis
  5) HDL Synthesis
     5.1) HDL Synthesis Report
  6) Advanced HDL Synthesis
     6.1) Advanced HDL Synthesis Report
  7) Low Level Synthesis
  8) Partition Report
  9) Final Report
	9.1) Device utilization summary
	9.2) Partition Resource Summary
	9.3) TIMING REPORT


=========================================================================
*                      Synthesis Options Summary                        *
=========================================================================
---- Source Parameters
Input File Name                    : "TemperatureCalculator.prj"
Input Format                       : mixed
Ignore Synthesis Constraint File   : NO

---- Target Parameters
Output File Name                   : "TemperatureCalculator"
Output Format                      : NGC
Target Device                      : xc3s50-4-pq208

---- Source Options
Top Module Name                    : TemperatureCalculator
Automatic FSM Extraction           : YES
FSM Encoding Algorithm             : Auto
Safe Implementation                : No
FSM Style                          : LUT
RAM Extraction                     : Yes
RAM Style                          : Auto
ROM Extraction                     : Yes
Mux Style                          : Auto
Decoder Extraction                 : YES
Priority Encoder Extraction        : Yes
Shift Register Extraction          : YES
Logical Shifter Extraction         : YES
XOR Collapsing                     : YES
ROM Style                          : Auto
Mux Extraction                     : Yes
Resource Sharing                   : YES
Asynchronous To Synchronous        : NO
Multiplier Style                   : Auto
Automatic Register Balancing       : No

---- Target Options
Add IO Buffers                     : YES
Global Maximum Fanout              : 100000
Add Generic Clock Buffer(BUFG)     : 8
Register Duplication               : YES
Slice Packing                      : YES
Optimize Instantiated Primitives   : NO
Use Clock Enable                   : Yes
Use Synchronous Set                : Yes
Use Synchronous Reset              : Yes
Pack IO Registers into IOBs        : Auto
Equivalent register Removal        : YES

---- General Options
Optimization Goal                  : Speed
Optimization Effort                : 1
Keep Hierarchy                     : No
Netlist Hierarchy                  : As_Optimized
RTL Output                         : Yes
Global Optimization                : AllClockNets
Read Cores                         : YES
Write Timing Constraints           : NO
Cross Clock Analysis               : NO
Hierarchy Separator                : /
Bus Delimiter                      : <>
Case Specifier                     : Maintain
Slice Utilization Ratio            : 100
BRAM Utilization Ratio             : 100
Verilog 2001                       : YES
Auto BRAM Packing                  : NO
Slice Utilization Ratio Delta      : 5

=========================================================================


=========================================================================
*                          HDL Compilation                              *
=========================================================================
Compiling verilog file "FA.v" in library work
Compiling verilog file "Multiplier8x8.v" in library work
Module <FA> compiled
Compiling verilog file "Multiplier16x16.v" in library work
Module <Multiplier8x8> compiled
Compiling verilog file "division.v" in library work
Module <Multiplier16x16> compiled
Compiling verilog file "AdderSubtractor32bit.v" in library work
Module <division> compiled
Compiling verilog file "TemperatureCalculator.v" in library work
Module <AdderSubtractor32x32> compiled
Module <TemperatureCalculator> compiled
No errors in compilation
Analysis of file <"TemperatureCalculator.prj"> succeeded.
 

=========================================================================
*                     Design Hierarchy Analysis                         *
=========================================================================
Analyzing hierarchy for module <TemperatureCalculator> in library <work>.

Analyzing hierarchy for module <Multiplier8x8> in library <work>.

Analyzing hierarchy for module <Multiplier16x16> in library <work>.

Analyzing hierarchy for module <AdderSubtractor32x32> in library <work>.

Analyzing hierarchy for module <division> in library <work> with parameters.
	WIDTH = "00000000000000000000000000100000"

Analyzing hierarchy for module <FA> in library <work>.


=========================================================================
*                            HDL Analysis                               *
=========================================================================
Analyzing top module <TemperatureCalculator>.
Module <TemperatureCalculator> is correct for synthesis.
 
Analyzing module <Multiplier8x8> in library <work>.
Module <Multiplier8x8> is correct for synthesis.
 
Analyzing module <Multiplier16x16> in library <work>.
Module <Multiplier16x16> is correct for synthesis.
 
Analyzing module <AdderSubtractor32x32> in library <work>.
Module <AdderSubtractor32x32> is correct for synthesis.
 
Analyzing module <FA> in library <work>.
Module <FA> is correct for synthesis.
 
Analyzing module <division> in library <work>.
	WIDTH = 32'sb00000000000000000000000000100000
Module <division> is correct for synthesis.
 

=========================================================================
*                           HDL Synthesis                               *
=========================================================================

Performing bidirectional port resolution...

Synthesizing Unit <Multiplier8x8>.
    Related source file is "Multiplier8x8.v".
    Found 8x8-bit multiplier for signal <P>.
    Summary:
	inferred   1 Multiplier(s).
Unit <Multiplier8x8> synthesized.


Synthesizing Unit <Multiplier16x16>.
    Related source file is "Multiplier16x16.v".
    Found 16x16-bit multiplier for signal <P>.
    Summary:
	inferred   1 Multiplier(s).
Unit <Multiplier16x16> synthesized.


Synthesizing Unit <division>.
    Related source file is "division.v".
WARNING:Xst:646 - Signal <p1> is assigned but never used. This unconnected signal will be trimmed during the optimization process.
WARNING:Xst:646 - Signal <b1> is assigned but never used. This unconnected signal will be trimmed during the optimization process.
WARNING:Xst:646 - Signal <a1> is assigned but never used. This unconnected signal will be trimmed during the optimization process.
    Found 33-bit adder for signal <old_p1_10$addsub0000> created at line 47.
    Found 33-bit adder for signal <old_p1_13$addsub0000> created at line 47.
    Found 33-bit adder for signal <old_p1_16$addsub0000> created at line 47.
    Found 33-bit adder for signal <old_p1_19$addsub0000> created at line 47.
    Found 33-bit adder for signal <old_p1_22$addsub0000> created at line 47.
    Found 33-bit adder for signal <old_p1_25$addsub0000> created at line 47.
    Found 33-bit adder for signal <old_p1_28$addsub0000> created at line 47.
    Found 33-bit adder for signal <old_p1_31$addsub0000> created at line 47.
    Found 33-bit adder for signal <old_p1_34$addsub0000> created at line 47.
    Found 33-bit adder for signal <old_p1_37$addsub0000> created at line 47.
    Found 33-bit adder for signal <old_p1_4$addsub0000> created at line 47.
    Found 33-bit adder for signal <old_p1_40$addsub0000> created at line 47.
    Found 33-bit adder for signal <old_p1_43$addsub0000> created at line 47.
    Found 33-bit adder for signal <old_p1_46$addsub0000> created at line 47.
    Found 33-bit adder for signal <old_p1_49$addsub0000> created at line 47.
    Found 33-bit adder for signal <old_p1_52$addsub0000> created at line 47.
    Found 33-bit adder for signal <old_p1_55$addsub0000> created at line 47.
    Found 33-bit adder for signal <old_p1_58$addsub0000> created at line 47.
    Found 33-bit adder for signal <old_p1_61$addsub0000> created at line 47.
    Found 33-bit adder for signal <old_p1_64$addsub0000> created at line 47.
    Found 33-bit adder for signal <old_p1_67$addsub0000> created at line 47.
    Found 33-bit adder for signal <old_p1_7$addsub0000> created at line 47.
    Found 33-bit adder for signal <old_p1_70$addsub0000> created at line 47.
    Found 33-bit adder for signal <old_p1_73$addsub0000> created at line 47.
    Found 33-bit adder for signal <old_p1_76$addsub0000> created at line 47.
    Found 33-bit adder for signal <old_p1_79$addsub0000> created at line 47.
    Found 33-bit adder for signal <old_p1_82$addsub0000> created at line 47.
    Found 33-bit adder for signal <old_p1_85$addsub0000> created at line 47.
    Found 33-bit adder for signal <old_p1_88$addsub0000> created at line 47.
    Found 33-bit adder for signal <old_p1_91$addsub0000> created at line 47.
    Found 33-bit adder for signal <old_p1_94$addsub0000> created at line 47.
    Summary:
	inferred  63 Adder/Subtractor(s).
Unit <division> synthesized.


Synthesizing Unit <FA>.
    Related source file is "FA.v".
    Found 1-bit adder carry out for signal <AUX_1$addsub0001> created at line 34.
    Summary:
	inferred   2 Adder/Subtractor(s).
Unit <FA> synthesized.


Synthesizing Unit <AdderSubtractor32x32>.
    Related source file is "AdderSubtractor32bit.v".
WARNING:Xst:647 - Input <A<31>> is never used. This port will be preserved and left unconnected if it belongs to a top-level block or it belongs to a sub-block and the hierarchy of this sub-block is preserved.
WARNING:Xst:647 - Input <B<31>> is never used. This port will be preserved and left unconnected if it belongs to a top-level block or it belongs to a sub-block and the hierarchy of this sub-block is preserved.
WARNING:Xst:1305 - Output <S<31>> is never assigned. Tied to value 0.
WARNING:Xst:646 - Signal <cin<31>> is assigned but never used. This unconnected signal will be trimmed during the optimization process.
    Found 1-bit xor2 for signal <$xor0000> created at line 38.
    Found 1-bit xor2 for signal <$xor0001> created at line 38.
    Found 1-bit xor2 for signal <$xor0002> created at line 38.
    Found 1-bit xor2 for signal <$xor0003> created at line 38.
    Found 1-bit xor2 for signal <$xor0004> created at line 38.
    Found 1-bit xor2 for signal <$xor0005> created at line 38.
    Found 1-bit xor2 for signal <$xor0006> created at line 38.
    Found 1-bit xor2 for signal <$xor0007> created at line 38.
    Found 1-bit xor2 for signal <$xor0008> created at line 38.
    Found 1-bit xor2 for signal <$xor0009> created at line 38.
    Found 1-bit xor2 for signal <$xor0010> created at line 38.
    Found 1-bit xor2 for signal <$xor0011> created at line 38.
    Found 1-bit xor2 for signal <$xor0012> created at line 38.
    Found 1-bit xor2 for signal <$xor0013> created at line 38.
    Found 1-bit xor2 for signal <$xor0014> created at line 38.
    Found 1-bit xor2 for signal <$xor0015> created at line 38.
    Found 1-bit xor2 for signal <$xor0016> created at line 38.
    Found 1-bit xor2 for signal <$xor0017> created at line 38.
    Found 1-bit xor2 for signal <$xor0018> created at line 38.
    Found 1-bit xor2 for signal <$xor0019> created at line 38.
    Found 1-bit xor2 for signal <$xor0020> created at line 38.
    Found 1-bit xor2 for signal <$xor0021> created at line 38.
    Found 1-bit xor2 for signal <$xor0022> created at line 38.
    Found 1-bit xor2 for signal <$xor0023> created at line 38.
    Found 1-bit xor2 for signal <$xor0024> created at line 38.
    Found 1-bit xor2 for signal <$xor0025> created at line 38.
    Found 1-bit xor2 for signal <$xor0026> created at line 38.
    Found 1-bit xor2 for signal <$xor0027> created at line 38.
    Found 1-bit xor2 for signal <$xor0028> created at line 38.
    Found 1-bit xor2 for signal <$xor0029> created at line 38.
    Found 1-bit xor2 for signal <$xor0030> created at line 38.
Unit <AdderSubtractor32x32> synthesized.


Synthesizing Unit <TemperatureCalculator>.
    Related source file is "TemperatureCalculator.v".
    Found 32-bit adder for signal <tempc>.
    Found 32-bit subtractor for signal <tempbase$addsub0000> created at line 34.
    Found 10-bit subtractor for signal <tempRef$sub0000> created at line 32.
    Summary:
	inferred   3 Adder/Subtractor(s).
Unit <TemperatureCalculator> synthesized.


=========================================================================
HDL Synthesis Report

Macro Statistics
# Multipliers                                          : 2
 16x16-bit multiplier                                  : 1
 8x8-bit multiplier                                    : 1
# Adders/Subtractors                                   : 128
 1-bit adder carry out                                 : 31
 10-bit subtractor                                     : 1
 2-bit adder                                           : 31
 32-bit adder                                          : 1
 32-bit subtractor                                     : 1
 33-bit adder                                          : 31
 33-bit subtractor                                     : 32
# Xors                                                 : 31
 1-bit xor2                                            : 31

=========================================================================

=========================================================================
*                       Advanced HDL Synthesis                          *
=========================================================================


=========================================================================
Advanced HDL Synthesis Report

Macro Statistics
# Multipliers                                          : 2
 16x16-bit multiplier                                  : 1
 8x8-bit multiplier                                    : 1
# Adders/Subtractors                                   : 128
 1-bit adder carry out                                 : 31
 2-bit adder                                           : 31
 31-bit adder                                          : 31
 32-bit adder                                          : 1
 32-bit subtractor                                     : 33
 8-bit subtractor                                      : 1
# Xors                                                 : 31
 1-bit xor2                                            : 31

=========================================================================

=========================================================================
*                         Low Level Synthesis                           *
=========================================================================

Optimizing unit <TemperatureCalculator> ...

Optimizing unit <division> ...

Optimizing unit <AdderSubtractor32x32> ...

Mapping all equations...
Building and optimizing final netlist ...
Found area constraint ratio of 100 (+ 5) on block TemperatureCalculator, actual ratio is 148.
Optimizing block <TemperatureCalculator> to meet ratio 100 (+ 5) of 768 slices :
Area constraint is met for block <TemperatureCalculator>, final ratio is 98.

Final Macro Processing ...

=========================================================================
Final Register Report

Found no macro
=========================================================================

=========================================================================
*                           Partition Report                            *
=========================================================================

Partition Implementation Status
-------------------------------

  No Partitions were found in this design.

-------------------------------

=========================================================================
*                            Final Report                               *
=========================================================================
Final Results
RTL Top Level Output File Name     : TemperatureCalculator.ngr
Top Level Output File Name         : TemperatureCalculator
Output Format                      : NGC
Optimization Goal                  : Speed
Keep Hierarchy                     : No

Design Statistics
# IOs                              : 88

Cell Usage :
# BELS                             : 4204
#      GND                         : 1
#      INV                         : 56
#      LUT1                        : 651
#      LUT2                        : 2
#      LUT3                        : 683
#      LUT4                        : 58
#      MUXCY                       : 1362
#      MUXF5                       : 1
#      VCC                         : 1
#      XORCY                       : 1389
# IO Buffers                       : 87
#      IBUF                        : 55
#      OBUF                        : 32
# MULTs                            : 2
#      MULT18X18                   : 2
=========================================================================

Device utilization summary:
---------------------------

Selected Device : 3s50pq208-4 

 Number of Slices:                      759  out of    768    98%  
 Number of 4 input LUTs:               1450  out of   1536    94%  
 Number of IOs:                          88
 Number of bonded IOBs:                  87  out of    124    70%  
 Number of MULT18X18s:                    2  out of      4    50%  

---------------------------
Partition Resource Summary:
---------------------------

  No Partitions were found in this design.

---------------------------


=========================================================================
TIMING REPORT

NOTE: THESE TIMING NUMBERS ARE ONLY A SYNTHESIS ESTIMATE.
      FOR ACCURATE TIMING INFORMATION PLEASE REFER TO THE TRACE REPORT
      GENERATED AFTER PLACE-and-ROUTE.

Clock Information:
------------------
No clock signals found in this design

Asynchronous Control Signals Information:
----------------------------------------
No asynchronous control signals found in this design

Timing Summary:
---------------
Speed Grade: -4

   Minimum period: No path found
   Minimum input arrival time before clock: No path found
   Maximum output required time after clock: No path found
   Maximum combinational path delay: 213.269ns

Timing Detail:
--------------
All values displayed in nanoseconds (ns)

=========================================================================
Timing constraint: Default path analysis
  Total number of paths / destination ports: 10127424900789426000000000000000000000000000000000000000 / 32
-------------------------------------------------------------------------
Delay:               213.269ns (Levels of Logic = 217)
  Source:            tc_ref<1> (PAD)
  Destination:       tempc<31> (PAD)

  Data Path: tc_ref<1> to tempc<31>
                                Gate     Net
    Cell:in->out      fanout   Delay   Delay  Logical Name (Net Name)
    ----------------------------------------  ------------
     IBUF:I->O             4   0.821   1.256  tc_ref_1_IBUF (tc_ref_1_IBUF)
     LUT3:I0->O            2   0.551   0.877  tempRef_not0000<2>1 (tempRef<2>)
     MULT18X18:A2->P2      1   2.024   0.801  multi/Mmult_P (out<2>)
     MULT18X18:A2->P2      2   2.024   0.945  multi1/Mmult_P (out1<2>)
     LUT3:I2->O            1   0.551   1.140  adder/loop[2].fa/Madd_AUX_1_addsub0001_lut<0>1 (adder/loop[2].fa/Madd_AUX_1_addsub0001_lut<0>)
     LUT4:I0->O            1   0.551   0.827  adder/loop[3].fa/Madd_AUX_1_addsub0001_cy<0>170_SW0 (N63)
     LUT4:I3->O            2   0.551   1.072  adder/loop[3].fa/Madd_AUX_1_addsub0001_cy<0>170 (adder/loop[3].fa/Madd_AUX_1_addsub0001_cy<0>)
     LUT4:I1->O            1   0.551   0.996  adder/loop[5].fa/Madd_AUX_1_addsub0001_cy<0>1_SW2 (N45)
     LUT4:I1->O            3   0.551   1.102  adder/loop[5].fa/Madd_AUX_1_addsub0001_cy<0>1 (adder/loop[5].fa/Madd_AUX_1_addsub0001_cy<0>)
     LUT4:I1->O            1   0.551   0.996  adder/loop[7].fa/Madd_AUX_1_addsub0001_cy<0>1_SW2 (N43)
     LUT4:I1->O            3   0.551   1.102  adder/loop[7].fa/Madd_AUX_1_addsub0001_cy<0>1 (adder/loop[7].fa/Madd_AUX_1_addsub0001_cy<0>)
     LUT4:I1->O            1   0.551   0.996  adder/loop[9].fa/Madd_AUX_1_addsub0001_cy<0>1_SW2 (N41)
     LUT4:I1->O            3   0.551   1.102  adder/loop[9].fa/Madd_AUX_1_addsub0001_cy<0>1 (adder/loop[9].fa/Madd_AUX_1_addsub0001_cy<0>)
     LUT4:I1->O            1   0.551   0.996  adder/loop[11].fa/Madd_AUX_1_addsub0001_cy<0>1_SW0 (N39)
     LUT4:I1->O            3   0.551   1.102  adder/loop[11].fa/Madd_AUX_1_addsub0001_cy<0>1 (adder/loop[11].fa/Madd_AUX_1_addsub0001_cy<0>)
     LUT4:I1->O            1   0.551   0.996  adder/loop[13].fa/Madd_AUX_1_addsub0001_cy<0>1_SW2 (N61)
     LUT4:I1->O            3   0.551   1.102  adder/loop[13].fa/Madd_AUX_1_addsub0001_cy<0>1 (adder/loop[13].fa/Madd_AUX_1_addsub0001_cy<0>)
     LUT4:I1->O            1   0.551   0.996  adder/loop[15].fa/Madd_AUX_1_addsub0001_cy<0>1_SW2 (N59)
     LUT4:I1->O            3   0.551   1.102  adder/loop[15].fa/Madd_AUX_1_addsub0001_cy<0>1 (adder/loop[15].fa/Madd_AUX_1_addsub0001_cy<0>)
     LUT4:I1->O            1   0.551   0.996  adder/loop[17].fa/Madd_AUX_1_addsub0001_cy<0>1_SW2 (N57)
     LUT4:I1->O            3   0.551   1.102  adder/loop[17].fa/Madd_AUX_1_addsub0001_cy<0>1 (adder/loop[17].fa/Madd_AUX_1_addsub0001_cy<0>)
     LUT4:I1->O            1   0.551   0.996  adder/loop[19].fa/Madd_AUX_1_addsub0001_cy<0>1_SW2 (N55)
     LUT4:I1->O            3   0.551   1.102  adder/loop[19].fa/Madd_AUX_1_addsub0001_cy<0>1 (adder/loop[19].fa/Madd_AUX_1_addsub0001_cy<0>)
     LUT4:I1->O            1   0.551   0.996  adder/loop[21].fa/Madd_AUX_1_addsub0001_cy<0>1_SW2 (N53)
     LUT4:I1->O            3   0.551   1.102  adder/loop[21].fa/Madd_AUX_1_addsub0001_cy<0>1 (adder/loop[21].fa/Madd_AUX_1_addsub0001_cy<0>)
     LUT4:I1->O            1   0.551   0.996  adder/loop[23].fa/Madd_AUX_1_addsub0001_cy<0>1_SW2 (N51)
     LUT4:I1->O            3   0.551   1.102  adder/loop[23].fa/Madd_AUX_1_addsub0001_cy<0>1 (adder/loop[23].fa/Madd_AUX_1_addsub0001_cy<0>)
     LUT4:I1->O            1   0.551   0.996  adder/loop[25].fa/Madd_AUX_1_addsub0001_cy<0>1_SW2 (N49)
     LUT4:I1->O            3   0.551   1.102  adder/loop[25].fa/Madd_AUX_1_addsub0001_cy<0>1 (adder/loop[25].fa/Madd_AUX_1_addsub0001_cy<0>)
     LUT4:I1->O            1   0.551   0.996  adder/loop[27].fa/Madd_AUX_1_addsub0001_cy<0>1_SW2 (N47)
     LUT4:I1->O            2   0.551   1.072  adder/loop[27].fa/Madd_AUX_1_addsub0001_cy<0>1 (adder/loop[27].fa/Madd_AUX_1_addsub0001_cy<0>)
     LUT4:I1->O            2   0.551   0.903  adder/loop[28].fa/Madd_AUX_1_addsub0001_cy<0>11 (adder/loop[28].fa/Madd_AUX_1_addsub0001_cy<0>)
     LUT4:I3->O            1   0.551   0.000  adder/loop[30].fa/Madd_AUX_1_addsub0001_xor<0>11 (out2<30>)
     MUXCY:S->O            1   0.500   0.000  devide/Msub__old_p1_21_Madd_cy<5> (devide/Msub__old_p1_21_Madd_cy<5>)
     MUXCY:CI->O           1   0.064   0.000  devide/Msub__old_p1_21_Madd_cy<6> (devide/Msub__old_p1_21_Madd_cy<6>)
     MUXCY:CI->O           1   0.064   0.000  devide/Msub__old_p1_21_Madd_cy<7> (devide/Msub__old_p1_21_Madd_cy<7>)
     MUXCY:CI->O           1   0.064   0.000  devide/Msub__old_p1_21_Madd_cy<8> (devide/Msub__old_p1_21_Madd_cy<8>)
     MUXCY:CI->O           1   0.064   0.000  devide/Msub__old_p1_21_Madd_cy<9> (devide/Msub__old_p1_21_Madd_cy<9>)
     XORCY:CI->O           2   0.904   1.216  devide/Msub__old_p1_21_Madd_xor<10> (devide/_old_p1_21<10>)
     LUT1:I0->O            1   0.551   0.000  devide/Madd_old_p1_22_addsub0000_Madd_cy<10>_rt (devide/Madd_old_p1_22_addsub0000_Madd_cy<10>_rt)
     MUXCY:S->O            1   0.500   0.000  devide/Madd_old_p1_22_addsub0000_Madd_cy<10> (devide/Madd_old_p1_22_addsub0000_Madd_cy<10>)
     XORCY:CI->O           1   0.904   0.869  devide/Madd_old_p1_22_addsub0000_Madd_xor<11> (devide/old_p1_22_addsub0000<11>)
     LUT3:I2->O            1   0.551   0.000  devide/Msub__old_p1_24_Madd_lut<12> (devide/Msub__old_p1_24_Madd_lut<12>)
     MUXCY:S->O            1   0.500   0.000  devide/Msub__old_p1_24_Madd_cy<12> (devide/Msub__old_p1_24_Madd_cy<12>)
     XORCY:CI->O           2   0.904   1.216  devide/Msub__old_p1_24_Madd_xor<13> (devide/_old_p1_24<13>)
     LUT1:I0->O            1   0.551   0.000  devide/Madd_old_p1_25_addsub0000_Madd_cy<13>_rt (devide/Madd_old_p1_25_addsub0000_Madd_cy<13>_rt)
     MUXCY:S->O            1   0.500   0.000  devide/Madd_old_p1_25_addsub0000_Madd_cy<13> (devide/Madd_old_p1_25_addsub0000_Madd_cy<13>)
     XORCY:CI->O           1   0.904   0.869  devide/Madd_old_p1_25_addsub0000_Madd_xor<14> (devide/old_p1_25_addsub0000<14>)
     LUT3:I2->O            1   0.551   0.000  devide/Msub__old_p1_27_Madd_lut<15> (devide/Msub__old_p1_27_Madd_lut<15>)
     MUXCY:S->O            1   0.500   0.000  devide/Msub__old_p1_27_Madd_cy<15> (devide/Msub__old_p1_27_Madd_cy<15>)
     XORCY:CI->O           2   0.904   1.216  devide/Msub__old_p1_27_Madd_xor<16> (devide/_old_p1_27<16>)
     LUT1:I0->O            1   0.551   0.000  devide/Madd_old_p1_28_addsub0000_Madd_cy<16>_rt (devide/Madd_old_p1_28_addsub0000_Madd_cy<16>_rt)
     MUXCY:S->O            1   0.500   0.000  devide/Madd_old_p1_28_addsub0000_Madd_cy<16> (devide/Madd_old_p1_28_addsub0000_Madd_cy<16>)
     XORCY:CI->O           1   0.904   0.869  devide/Madd_old_p1_28_addsub0000_Madd_xor<17> (devide/old_p1_28_addsub0000<17>)
     LUT3:I2->O            1   0.551   0.000  devide/Msub__old_p1_30_Madd_lut<18> (devide/Msub__old_p1_30_Madd_lut<18>)
     MUXCY:S->O            1   0.500   0.000  devide/Msub__old_p1_30_Madd_cy<18> (devide/Msub__old_p1_30_Madd_cy<18>)
     XORCY:CI->O           2   0.904   1.216  devide/Msub__old_p1_30_Madd_xor<19> (devide/_old_p1_30<19>)
     LUT1:I0->O            1   0.551   0.000  devide/Madd_old_p1_31_addsub0000_Madd_cy<19>_rt (devide/Madd_old_p1_31_addsub0000_Madd_cy<19>_rt)
     MUXCY:S->O            1   0.500   0.000  devide/Madd_old_p1_31_addsub0000_Madd_cy<19> (devide/Madd_old_p1_31_addsub0000_Madd_cy<19>)
     XORCY:CI->O           1   0.904   0.869  devide/Madd_old_p1_31_addsub0000_Madd_xor<20> (devide/old_p1_31_addsub0000<20>)
     LUT3:I2->O            1   0.551   0.000  devide/Msub__old_p1_33_Madd_lut<21> (devide/Msub__old_p1_33_Madd_lut<21>)
     MUXCY:S->O            1   0.500   0.000  devide/Msub__old_p1_33_Madd_cy<21> (devide/Msub__old_p1_33_Madd_cy<21>)
     XORCY:CI->O           2   0.904   1.216  devide/Msub__old_p1_33_Madd_xor<22> (devide/_old_p1_33<22>)
     LUT1:I0->O            1   0.551   0.000  devide/Madd_old_p1_34_addsub0000_Madd_cy<22>_rt (devide/Madd_old_p1_34_addsub0000_Madd_cy<22>_rt)
     MUXCY:S->O            1   0.500   0.000  devide/Madd_old_p1_34_addsub0000_Madd_cy<22> (devide/Madd_old_p1_34_addsub0000_Madd_cy<22>)
     XORCY:CI->O           1   0.904   0.869  devide/Madd_old_p1_34_addsub0000_Madd_xor<23> (devide/old_p1_34_addsub0000<23>)
     LUT3:I2->O            1   0.551   0.000  devide/Msub__old_p1_36_Madd_lut<24> (devide/Msub__old_p1_36_Madd_lut<24>)
     MUXCY:S->O            1   0.500   0.000  devide/Msub__old_p1_36_Madd_cy<24> (devide/Msub__old_p1_36_Madd_cy<24>)
     XORCY:CI->O           2   0.904   1.216  devide/Msub__old_p1_36_Madd_xor<25> (devide/_old_p1_36<25>)
     LUT1:I0->O            1   0.551   0.000  devide/Madd_old_p1_37_addsub0000_Madd_cy<25>_rt (devide/Madd_old_p1_37_addsub0000_Madd_cy<25>_rt)
     MUXCY:S->O            1   0.500   0.000  devide/Madd_old_p1_37_addsub0000_Madd_cy<25> (devide/Madd_old_p1_37_addsub0000_Madd_cy<25>)
     XORCY:CI->O           1   0.904   0.869  devide/Madd_old_p1_37_addsub0000_Madd_xor<26> (devide/old_p1_37_addsub0000<26>)
     LUT3:I2->O            1   0.551   0.000  devide/Msub__old_p1_39_Madd_lut<27> (devide/Msub__old_p1_39_Madd_lut<27>)
     MUXCY:S->O            1   0.500   0.000  devide/Msub__old_p1_39_Madd_cy<27> (devide/Msub__old_p1_39_Madd_cy<27>)
     XORCY:CI->O           2   0.904   1.216  devide/Msub__old_p1_39_Madd_xor<28> (devide/_old_p1_39<28>)
     LUT1:I0->O            1   0.551   0.000  devide/Madd_old_p1_40_addsub0000_Madd_cy<28>_rt (devide/Madd_old_p1_40_addsub0000_Madd_cy<28>_rt)
     MUXCY:S->O            1   0.500   0.000  devide/Madd_old_p1_40_addsub0000_Madd_cy<28> (devide/Madd_old_p1_40_addsub0000_Madd_cy<28>)
     XORCY:CI->O           1   0.904   0.869  devide/Madd_old_p1_40_addsub0000_Madd_xor<29> (devide/old_p1_40_addsub0000<29>)
     LUT3:I2->O            1   0.551   0.000  devide/Msub__old_p1_42_Madd_lut<30> (devide/Msub__old_p1_42_Madd_lut<30>)
     MUXCY:S->O            0   0.500   0.000  devide/Msub__old_p1_42_Madd_cy<30> (devide/Msub__old_p1_42_Madd_cy<30>)
     XORCY:CI->O          27   0.904   2.163  devide/Msub__old_p1_42_Madd_xor<31> (devide/_old_p1_42<31>)
     LUT3:I0->O            1   0.551   0.000  devide/Msub__old_p1_45_Madd_lut<6> (devide/Msub__old_p1_45_Madd_lut<6>)
     MUXCY:S->O            1   0.500   0.000  devide/Msub__old_p1_45_Madd_cy<6> (devide/Msub__old_p1_45_Madd_cy<6>)
     XORCY:CI->O           2   0.904   1.216  devide/Msub__old_p1_45_Madd_xor<7> (devide/_old_p1_45<7>)
     LUT1:I0->O            1   0.551   0.000  devide/Madd_old_p1_46_addsub0000_Madd_cy<7>_rt (devide/Madd_old_p1_46_addsub0000_Madd_cy<7>_rt)
     MUXCY:S->O            1   0.500   0.000  devide/Madd_old_p1_46_addsub0000_Madd_cy<7> (devide/Madd_old_p1_46_addsub0000_Madd_cy<7>)
     XORCY:CI->O           1   0.904   0.869  devide/Madd_old_p1_46_addsub0000_Madd_xor<8> (devide/old_p1_46_addsub0000<8>)
     LUT3:I2->O            1   0.551   0.000  devide/Msub__old_p1_48_Madd_lut<9> (devide/Msub__old_p1_48_Madd_lut<9>)
     MUXCY:S->O            1   0.500   0.000  devide/Msub__old_p1_48_Madd_cy<9> (devide/Msub__old_p1_48_Madd_cy<9>)
     XORCY:CI->O           2   0.904   1.216  devide/Msub__old_p1_48_Madd_xor<10> (devide/_old_p1_48<10>)
     LUT1:I0->O            1   0.551   0.000  devide/Madd_old_p1_49_addsub0000_Madd_cy<10>_rt (devide/Madd_old_p1_49_addsub0000_Madd_cy<10>_rt)
     MUXCY:S->O            1   0.500   0.000  devide/Madd_old_p1_49_addsub0000_Madd_cy<10> (devide/Madd_old_p1_49_addsub0000_Madd_cy<10>)
     XORCY:CI->O           1   0.904   0.869  devide/Madd_old_p1_49_addsub0000_Madd_xor<11> (devide/old_p1_49_addsub0000<11>)
     LUT3:I2->O            1   0.551   0.000  devide/Msub__old_p1_51_Madd_lut<12> (devide/Msub__old_p1_51_Madd_lut<12>)
     MUXCY:S->O            1   0.500   0.000  devide/Msub__old_p1_51_Madd_cy<12> (devide/Msub__old_p1_51_Madd_cy<12>)
     XORCY:CI->O           2   0.904   1.216  devide/Msub__old_p1_51_Madd_xor<13> (devide/_old_p1_51<13>)
     LUT1:I0->O            1   0.551   0.000  devide/Madd_old_p1_52_addsub0000_Madd_cy<13>_rt (devide/Madd_old_p1_52_addsub0000_Madd_cy<13>_rt)
     MUXCY:S->O            1   0.500   0.000  devide/Madd_old_p1_52_addsub0000_Madd_cy<13> (devide/Madd_old_p1_52_addsub0000_Madd_cy<13>)
     XORCY:CI->O           1   0.904   0.869  devide/Madd_old_p1_52_addsub0000_Madd_xor<14> (devide/old_p1_52_addsub0000<14>)
     LUT3:I2->O            1   0.551   0.000  devide/Msub__old_p1_54_Madd_lut<15> (devide/Msub__old_p1_54_Madd_lut<15>)
     MUXCY:S->O            1   0.500   0.000  devide/Msub__old_p1_54_Madd_cy<15> (devide/Msub__old_p1_54_Madd_cy<15>)
     XORCY:CI->O           2   0.904   1.216  devide/Msub__old_p1_54_Madd_xor<16> (devide/_old_p1_54<16>)
     LUT1:I0->O            1   0.551   0.000  devide/Madd_old_p1_55_addsub0000_Madd_cy<16>_rt (devide/Madd_old_p1_55_addsub0000_Madd_cy<16>_rt)
     MUXCY:S->O            1   0.500   0.000  devide/Madd_old_p1_55_addsub0000_Madd_cy<16> (devide/Madd_old_p1_55_addsub0000_Madd_cy<16>)
     XORCY:CI->O           1   0.904   0.869  devide/Madd_old_p1_55_addsub0000_Madd_xor<17> (devide/old_p1_55_addsub0000<17>)
     LUT3:I2->O            1   0.551   0.000  devide/Msub__old_p1_57_Madd_lut<18> (devide/Msub__old_p1_57_Madd_lut<18>)
     MUXCY:S->O            1   0.500   0.000  devide/Msub__old_p1_57_Madd_cy<18> (devide/Msub__old_p1_57_Madd_cy<18>)
     XORCY:CI->O           2   0.904   1.216  devide/Msub__old_p1_57_Madd_xor<19> (devide/_old_p1_57<19>)
     LUT1:I0->O            1   0.551   0.000  devide/Madd_old_p1_58_addsub0000_Madd_cy<19>_rt (devide/Madd_old_p1_58_addsub0000_Madd_cy<19>_rt)
     MUXCY:S->O            1   0.500   0.000  devide/Madd_old_p1_58_addsub0000_Madd_cy<19> (devide/Madd_old_p1_58_addsub0000_Madd_cy<19>)
     XORCY:CI->O           1   0.904   0.869  devide/Madd_old_p1_58_addsub0000_Madd_xor<20> (devide/old_p1_58_addsub0000<20>)
     LUT3:I2->O            1   0.551   0.000  devide/Msub__old_p1_60_Madd_lut<21> (devide/Msub__old_p1_60_Madd_lut<21>)
     MUXCY:S->O            1   0.500   0.000  devide/Msub__old_p1_60_Madd_cy<21> (devide/Msub__old_p1_60_Madd_cy<21>)
     XORCY:CI->O           2   0.904   1.216  devide/Msub__old_p1_60_Madd_xor<22> (devide/_old_p1_60<22>)
     LUT1:I0->O            1   0.551   0.000  devide/Madd_old_p1_61_addsub0000_Madd_cy<22>_rt (devide/Madd_old_p1_61_addsub0000_Madd_cy<22>_rt)
     MUXCY:S->O            1   0.500   0.000  devide/Madd_old_p1_61_addsub0000_Madd_cy<22> (devide/Madd_old_p1_61_addsub0000_Madd_cy<22>)
     XORCY:CI->O           1   0.904   0.869  devide/Madd_old_p1_61_addsub0000_Madd_xor<23> (devide/old_p1_61_addsub0000<23>)
     LUT3:I2->O            1   0.551   0.000  devide/Msub__old_p1_63_Madd_lut<24> (devide/Msub__old_p1_63_Madd_lut<24>)
     MUXCY:S->O            1   0.500   0.000  devide/Msub__old_p1_63_Madd_cy<24> (devide/Msub__old_p1_63_Madd_cy<24>)
     XORCY:CI->O           2   0.904   1.216  devide/Msub__old_p1_63_Madd_xor<25> (devide/_old_p1_63<25>)
     LUT1:I0->O            1   0.551   0.000  devide/Madd_old_p1_64_addsub0000_Madd_cy<25>_rt (devide/Madd_old_p1_64_addsub0000_Madd_cy<25>_rt)
     MUXCY:S->O            1   0.500   0.000  devide/Madd_old_p1_64_addsub0000_Madd_cy<25> (devide/Madd_old_p1_64_addsub0000_Madd_cy<25>)
     XORCY:CI->O           1   0.904   0.869  devide/Madd_old_p1_64_addsub0000_Madd_xor<26> (devide/old_p1_64_addsub0000<26>)
     LUT3:I2->O            1   0.551   0.000  devide/Msub__old_p1_66_Madd_lut<27> (devide/Msub__old_p1_66_Madd_lut<27>)
     MUXCY:S->O            1   0.500   0.000  devide/Msub__old_p1_66_Madd_cy<27> (devide/Msub__old_p1_66_Madd_cy<27>)
     XORCY:CI->O           2   0.904   1.216  devide/Msub__old_p1_66_Madd_xor<28> (devide/_old_p1_66<28>)
     LUT1:I0->O            1   0.551   0.000  devide/Madd_old_p1_67_addsub0000_Madd_cy<28>_rt (devide/Madd_old_p1_67_addsub0000_Madd_cy<28>_rt)
     MUXCY:S->O            1   0.500   0.000  devide/Madd_old_p1_67_addsub0000_Madd_cy<28> (devide/Madd_old_p1_67_addsub0000_Madd_cy<28>)
     XORCY:CI->O           1   0.904   0.869  devide/Madd_old_p1_67_addsub0000_Madd_xor<29> (devide/old_p1_67_addsub0000<29>)
     LUT3:I2->O            1   0.551   0.000  devide/Msub__old_p1_69_Madd_lut<30> (devide/Msub__old_p1_69_Madd_lut<30>)
     MUXCY:S->O            0   0.500   0.000  devide/Msub__old_p1_69_Madd_cy<30> (devide/Msub__old_p1_69_Madd_cy<30>)
     XORCY:CI->O          27   0.904   2.163  devide/Msub__old_p1_69_Madd_xor<31> (devide/_old_p1_69<31>)
     LUT3:I0->O            1   0.551   0.000  devide/Msub__old_p1_72_Madd_lut<6> (devide/Msub__old_p1_72_Madd_lut<6>)
     MUXCY:S->O            1   0.500   0.000  devide/Msub__old_p1_72_Madd_cy<6> (devide/Msub__old_p1_72_Madd_cy<6>)
     XORCY:CI->O           2   0.904   1.216  devide/Msub__old_p1_72_Madd_xor<7> (devide/_old_p1_72<7>)
     LUT1:I0->O            1   0.551   0.000  devide/Madd_old_p1_73_addsub0000_Madd_cy<7>_rt (devide/Madd_old_p1_73_addsub0000_Madd_cy<7>_rt)
     MUXCY:S->O            1   0.500   0.000  devide/Madd_old_p1_73_addsub0000_Madd_cy<7> (devide/Madd_old_p1_73_addsub0000_Madd_cy<7>)
     XORCY:CI->O           1   0.904   0.869  devide/Madd_old_p1_73_addsub0000_Madd_xor<8> (devide/old_p1_73_addsub0000<8>)
     LUT3:I2->O            1   0.551   0.000  devide/Msub__old_p1_75_Madd_lut<9> (devide/Msub__old_p1_75_Madd_lut<9>)
     MUXCY:S->O            1   0.500   0.000  devide/Msub__old_p1_75_Madd_cy<9> (devide/Msub__old_p1_75_Madd_cy<9>)
     XORCY:CI->O           2   0.904   1.216  devide/Msub__old_p1_75_Madd_xor<10> (devide/_old_p1_75<10>)
     LUT1:I0->O            1   0.551   0.000  devide/Madd_old_p1_76_addsub0000_Madd_cy<10>_rt (devide/Madd_old_p1_76_addsub0000_Madd_cy<10>_rt)
     MUXCY:S->O            1   0.500   0.000  devide/Madd_old_p1_76_addsub0000_Madd_cy<10> (devide/Madd_old_p1_76_addsub0000_Madd_cy<10>)
     XORCY:CI->O           1   0.904   0.869  devide/Madd_old_p1_76_addsub0000_Madd_xor<11> (devide/old_p1_76_addsub0000<11>)
     LUT3:I2->O            1   0.551   0.000  devide/Msub__old_p1_78_Madd_lut<12> (devide/Msub__old_p1_78_Madd_lut<12>)
     MUXCY:S->O            1   0.500   0.000  devide/Msub__old_p1_78_Madd_cy<12> (devide/Msub__old_p1_78_Madd_cy<12>)
     XORCY:CI->O           2   0.904   1.216  devide/Msub__old_p1_78_Madd_xor<13> (devide/_old_p1_78<13>)
     LUT1:I0->O            1   0.551   0.000  devide/Madd_old_p1_79_addsub0000_Madd_cy<13>_rt (devide/Madd_old_p1_79_addsub0000_Madd_cy<13>_rt)
     MUXCY:S->O            1   0.500   0.000  devide/Madd_old_p1_79_addsub0000_Madd_cy<13> (devide/Madd_old_p1_79_addsub0000_Madd_cy<13>)
     XORCY:CI->O           1   0.904   0.869  devide/Madd_old_p1_79_addsub0000_Madd_xor<14> (devide/old_p1_79_addsub0000<14>)
     LUT3:I2->O            1   0.551   0.000  devide/Msub__old_p1_81_Madd_lut<15> (devide/Msub__old_p1_81_Madd_lut<15>)
     MUXCY:S->O            1   0.500   0.000  devide/Msub__old_p1_81_Madd_cy<15> (devide/Msub__old_p1_81_Madd_cy<15>)
     XORCY:CI->O           2   0.904   1.216  devide/Msub__old_p1_81_Madd_xor<16> (devide/_old_p1_81<16>)
     LUT1:I0->O            1   0.551   0.000  devide/Madd_old_p1_82_addsub0000_Madd_cy<16>_rt (devide/Madd_old_p1_82_addsub0000_Madd_cy<16>_rt)
     MUXCY:S->O            1   0.500   0.000  devide/Madd_old_p1_82_addsub0000_Madd_cy<16> (devide/Madd_old_p1_82_addsub0000_Madd_cy<16>)
     XORCY:CI->O           1   0.904   0.869  devide/Madd_old_p1_82_addsub0000_Madd_xor<17> (devide/old_p1_82_addsub0000<17>)
     LUT3:I2->O            1   0.551   0.000  devide/Msub__old_p1_84_Madd_lut<18> (devide/Msub__old_p1_84_Madd_lut<18>)
     MUXCY:S->O            1   0.500   0.000  devide/Msub__old_p1_84_Madd_cy<18> (devide/Msub__old_p1_84_Madd_cy<18>)
     XORCY:CI->O           2   0.904   1.216  devide/Msub__old_p1_84_Madd_xor<19> (devide/_old_p1_84<19>)
     LUT1:I0->O            1   0.551   0.000  devide/Madd_old_p1_85_addsub0000_Madd_cy<19>_rt (devide/Madd_old_p1_85_addsub0000_Madd_cy<19>_rt)
     MUXCY:S->O            1   0.500   0.000  devide/Madd_old_p1_85_addsub0000_Madd_cy<19> (devide/Madd_old_p1_85_addsub0000_Madd_cy<19>)
     XORCY:CI->O           1   0.904   0.869  devide/Madd_old_p1_85_addsub0000_Madd_xor<20> (devide/old_p1_85_addsub0000<20>)
     LUT3:I2->O            1   0.551   0.000  devide/Msub__old_p1_87_Madd_lut<21> (devide/Msub__old_p1_87_Madd_lut<21>)
     MUXCY:S->O            1   0.500   0.000  devide/Msub__old_p1_87_Madd_cy<21> (devide/Msub__old_p1_87_Madd_cy<21>)
     XORCY:CI->O           2   0.904   1.216  devide/Msub__old_p1_87_Madd_xor<22> (devide/_old_p1_87<22>)
     LUT1:I0->O            1   0.551   0.000  devide/Madd_old_p1_88_addsub0000_Madd_cy<22>_rt (devide/Madd_old_p1_88_addsub0000_Madd_cy<22>_rt)
     MUXCY:S->O            1   0.500   0.000  devide/Madd_old_p1_88_addsub0000_Madd_cy<22> (devide/Madd_old_p1_88_addsub0000_Madd_cy<22>)
     XORCY:CI->O           1   0.904   0.869  devide/Madd_old_p1_88_addsub0000_Madd_xor<23> (devide/old_p1_88_addsub0000<23>)
     LUT3:I2->O            1   0.551   0.000  devide/Msub__old_p1_90_Madd_lut<24> (devide/Msub__old_p1_90_Madd_lut<24>)
     MUXCY:S->O            1   0.500   0.000  devide/Msub__old_p1_90_Madd_cy<24> (devide/Msub__old_p1_90_Madd_cy<24>)
     XORCY:CI->O           2   0.904   1.216  devide/Msub__old_p1_90_Madd_xor<25> (devide/_old_p1_90<25>)
     LUT1:I0->O            1   0.551   0.000  devide/Madd_old_p1_91_addsub0000_Madd_cy<25>_rt (devide/Madd_old_p1_91_addsub0000_Madd_cy<25>_rt)
     MUXCY:S->O            1   0.500   0.000  devide/Madd_old_p1_91_addsub0000_Madd_cy<25> (devide/Madd_old_p1_91_addsub0000_Madd_cy<25>)
     XORCY:CI->O           1   0.904   0.869  devide/Madd_old_p1_91_addsub0000_Madd_xor<26> (devide/old_p1_91_addsub0000<26>)
     LUT3:I2->O            1   0.551   0.000  devide/Msub__old_p1_93_Madd_lut<27> (devide/Msub__old_p1_93_Madd_lut<27>)
     MUXCY:S->O            1   0.500   0.000  devide/Msub__old_p1_93_Madd_cy<27> (devide/Msub__old_p1_93_Madd_cy<27>)
     XORCY:CI->O           2   0.904   1.216  devide/Msub__old_p1_93_Madd_xor<28> (devide/_old_p1_93<28>)
     LUT1:I0->O            1   0.551   0.000  devide/Madd_old_p1_94_addsub0000_Madd_cy<28>_rt (devide/Madd_old_p1_94_addsub0000_Madd_cy<28>_rt)
     MUXCY:S->O            1   0.500   0.000  devide/Madd_old_p1_94_addsub0000_Madd_cy<28> (devide/Madd_old_p1_94_addsub0000_Madd_cy<28>)
     XORCY:CI->O           1   0.904   0.869  devide/Madd_old_p1_94_addsub0000_Madd_xor<29> (devide/old_p1_94_addsub0000<29>)
     LUT3:I2->O            1   0.551   0.000  devide/Msub__old_p1_96_Madd_lut<30> (devide/Msub__old_p1_96_Madd_lut<30>)
     MUXCY:S->O            0   0.500   0.000  devide/Msub__old_p1_96_Madd_cy<30> (devide/Msub__old_p1_96_Madd_cy<30>)
     XORCY:CI->O           1   0.904   0.801  devide/Msub__old_p1_96_Madd_xor<31> (devide/_old_p1_96<31>)
     INV:I->O              1   0.551   0.000  Madd_tempc_lut<0>_INV_0 (Madd_tempc_lut<0>)
     MUXCY:S->O            1   0.500   0.000  Madd_tempc_cy<0> (Madd_tempc_cy<0>)
     MUXCY:CI->O           1   0.064   0.000  Madd_tempc_cy<1> (Madd_tempc_cy<1>)
     MUXCY:CI->O           1   0.064   0.000  Madd_tempc_cy<2> (Madd_tempc_cy<2>)
     MUXCY:CI->O           1   0.064   0.000  Madd_tempc_cy<3> (Madd_tempc_cy<3>)
     MUXCY:CI->O           1   0.064   0.000  Madd_tempc_cy<4> (Madd_tempc_cy<4>)
     MUXCY:CI->O           1   0.064   0.000  Madd_tempc_cy<5> (Madd_tempc_cy<5>)
     MUXCY:CI->O           1   0.064   0.000  Madd_tempc_cy<6> (Madd_tempc_cy<6>)
     MUXCY:CI->O           1   0.064   0.000  Madd_tempc_cy<7> (Madd_tempc_cy<7>)
     MUXCY:CI->O           1   0.064   0.000  Madd_tempc_cy<8> (Madd_tempc_cy<8>)
     MUXCY:CI->O           1   0.064   0.000  Madd_tempc_cy<9> (Madd_tempc_cy<9>)
     MUXCY:CI->O           1   0.064   0.000  Madd_tempc_cy<10> (Madd_tempc_cy<10>)
     MUXCY:CI->O           1   0.064   0.000  Madd_tempc_cy<11> (Madd_tempc_cy<11>)
     MUXCY:CI->O           1   0.064   0.000  Madd_tempc_cy<12> (Madd_tempc_cy<12>)
     MUXCY:CI->O           1   0.064   0.000  Madd_tempc_cy<13> (Madd_tempc_cy<13>)
     MUXCY:CI->O           1   0.064   0.000  Madd_tempc_cy<14> (Madd_tempc_cy<14>)
     MUXCY:CI->O           1   0.064   0.000  Madd_tempc_cy<15> (Madd_tempc_cy<15>)
     MUXCY:CI->O           1   0.064   0.000  Madd_tempc_cy<16> (Madd_tempc_cy<16>)
     MUXCY:CI->O           1   0.064   0.000  Madd_tempc_cy<17> (Madd_tempc_cy<17>)
     MUXCY:CI->O           1   0.064   0.000  Madd_tempc_cy<18> (Madd_tempc_cy<18>)
     MUXCY:CI->O           1   0.064   0.000  Madd_tempc_cy<19> (Madd_tempc_cy<19>)
     MUXCY:CI->O           1   0.064   0.000  Madd_tempc_cy<20> (Madd_tempc_cy<20>)
     MUXCY:CI->O           1   0.064   0.000  Madd_tempc_cy<21> (Madd_tempc_cy<21>)
     MUXCY:CI->O           1   0.064   0.000  Madd_tempc_cy<22> (Madd_tempc_cy<22>)
     MUXCY:CI->O           1   0.064   0.000  Madd_tempc_cy<23> (Madd_tempc_cy<23>)
     MUXCY:CI->O           1   0.064   0.000  Madd_tempc_cy<24> (Madd_tempc_cy<24>)
     MUXCY:CI->O           1   0.064   0.000  Madd_tempc_cy<25> (Madd_tempc_cy<25>)
     MUXCY:CI->O           1   0.064   0.000  Madd_tempc_cy<26> (Madd_tempc_cy<26>)
     MUXCY:CI->O           1   0.064   0.000  Madd_tempc_cy<27> (Madd_tempc_cy<27>)
     MUXCY:CI->O           1   0.064   0.000  Madd_tempc_cy<28> (Madd_tempc_cy<28>)
     MUXCY:CI->O           1   0.064   0.000  Madd_tempc_cy<29> (Madd_tempc_cy<29>)
     MUXCY:CI->O           0   0.064   0.000  Madd_tempc_cy<30> (Madd_tempc_cy<30>)
     XORCY:CI->O           1   0.904   0.801  Madd_tempc_xor<31> (tempc_31_OBUF)
     OBUF:I->O                 5.644          tempc_31_OBUF (tempc<31>)
    ----------------------------------------
    Total                    213.269ns (126.418ns logic, 86.851ns route)
                                       (59.3% logic, 40.7% route)

=========================================================================


Total REAL time to Xst completion: 22.00 secs
Total CPU time to Xst completion: 22.09 secs
 
--> 

Total memory usage is 4555392 kilobytes

Number of errors   :    0 (   0 filtered)
Number of warnings :    7 (   0 filtered)
Number of infos    :    0 (   0 filtered)

