Release 14.7 - xst P.20131013 (nt64)
Copyright (c) 1995-2013 Xilinx, Inc.  All rights reserved.
--> Parameter TMPDIR set to xst/projnav.tmp


Total REAL time to Xst completion: 0.00 secs
Total CPU time to Xst completion: 0.41 secs
 
--> Parameter xsthdpdir set to xst


Total REAL time to Xst completion: 0.00 secs
Total CPU time to Xst completion: 0.42 secs
 
--> Reading design: TemperatureCalculator.prj

TABLE OF CONTENTS
  1) Synthesis Options Summary
  2) HDL Compilation
  3) Design Hierarchy Analysis
  4) HDL Analysis
  5) HDL Synthesis
     5.1) HDL Synthesis Report
  6) Advanced HDL Synthesis
     6.1) Advanced HDL Synthesis Report
  7) Low Level Synthesis
  8) Partition Report
  9) Final Report
	9.1) Device utilization summary
	9.2) Partition Resource Summary
	9.3) TIMING REPORT


=========================================================================
*                      Synthesis Options Summary                        *
=========================================================================
---- Source Parameters
Input File Name                    : "TemperatureCalculator.prj"
Input Format                       : mixed
Ignore Synthesis Constraint File   : NO

---- Target Parameters
Output File Name                   : "TemperatureCalculator"
Output Format                      : NGC
Target Device                      : xc3s50-4-pq208

---- Source Options
Top Module Name                    : TemperatureCalculator
Automatic FSM Extraction           : YES
FSM Encoding Algorithm             : Auto
Safe Implementation                : No
FSM Style                          : LUT
RAM Extraction                     : Yes
RAM Style                          : Auto
ROM Extraction                     : Yes
Mux Style                          : Auto
Decoder Extraction                 : YES
Priority Encoder Extraction        : Yes
Shift Register Extraction          : YES
Logical Shifter Extraction         : YES
XOR Collapsing                     : YES
ROM Style                          : Auto
Mux Extraction                     : Yes
Resource Sharing                   : YES
Asynchronous To Synchronous        : NO
Multiplier Style                   : Auto
Automatic Register Balancing       : No

---- Target Options
Add IO Buffers                     : YES
Global Maximum Fanout              : 500
Add Generic Clock Buffer(BUFG)     : 8
Register Duplication               : YES
Slice Packing                      : YES
Optimize Instantiated Primitives   : NO
Use Clock Enable                   : Yes
Use Synchronous Set                : Yes
Use Synchronous Reset              : Yes
Pack IO Registers into IOBs        : Auto
Equivalent register Removal        : YES

---- General Options
Optimization Goal                  : Speed
Optimization Effort                : 1
Keep Hierarchy                     : No
Netlist Hierarchy                  : As_Optimized
RTL Output                         : Yes
Global Optimization                : AllClockNets
Read Cores                         : YES
Write Timing Constraints           : NO
Cross Clock Analysis               : NO
Hierarchy Separator                : /
Bus Delimiter                      : <>
Case Specifier                     : Maintain
Slice Utilization Ratio            : 100
BRAM Utilization Ratio             : 100
Verilog 2001                       : YES
Auto BRAM Packing                  : NO
Slice Utilization Ratio Delta      : 5

=========================================================================


=========================================================================
*                          HDL Compilation                              *
=========================================================================
Compiling verilog file "HA.v" in library work
Compiling verilog file "FA.v" in library work
Module <HA> compiled
Compiling verilog file "FA8bit.v" in library work
Module <FA> compiled
Compiling verilog file "Multiplier8x8.v" in library work
Module <FA8bit> compiled
Compiling verilog file "FA24bit.v" in library work
Module <Multiplier8x8> compiled
Compiling verilog file "FA16bit.v" in library work
Module <FA24bit> compiled
Compiling verilog file "Multiplier16x16.v" in library work
Module <FA16> compiled
Compiling verilog file "division.v" in library work
Module <Multiplier16x16> compiled
Compiling verilog file "AdderSubtractor32bit.v" in library work
Module <division> compiled
Compiling verilog file "TemperatureCalculator.v" in library work
Module <AdderSubtractor32x32> compiled
Module <TemperatureCalculator> compiled
No errors in compilation
Analysis of file <"TemperatureCalculator.prj"> succeeded.
 

=========================================================================
*                     Design Hierarchy Analysis                         *
=========================================================================
Analyzing hierarchy for module <TemperatureCalculator> in library <work>.

Analyzing hierarchy for module <Multiplier8x8> in library <work>.

Analyzing hierarchy for module <Multiplier16x16> in library <work>.

Analyzing hierarchy for module <AdderSubtractor32x32> in library <work>.

Analyzing hierarchy for module <division> in library <work> with parameters.
	WIDTH = "00000000000000000000000000100000"

Analyzing hierarchy for module <FA8bit> in library <work>.

Analyzing hierarchy for module <Multiplier8x8> in library <work>.

Analyzing hierarchy for module <FA16> in library <work>.

Analyzing hierarchy for module <FA24bit> in library <work>.

Analyzing hierarchy for module <FA> in library <work>.

Analyzing hierarchy for module <FA8bit> in library <work>.

Analyzing hierarchy for module <FA8bit> in library <work>.

Analyzing hierarchy for module <FA8bit> in library <work>.

Analyzing hierarchy for module <FA8bit> in library <work>.

Analyzing hierarchy for module <FA8bit> in library <work>.

Analyzing hierarchy for module <FA8bit> in library <work>.

Analyzing hierarchy for module <FA8bit> in library <work>.

Analyzing hierarchy for module <HA> in library <work>.

Analyzing hierarchy for module <FA> in library <work>.

Analyzing hierarchy for module <HA> in library <work>.


=========================================================================
*                            HDL Analysis                               *
=========================================================================
Analyzing top module <TemperatureCalculator>.
Module <TemperatureCalculator> is correct for synthesis.
 
Analyzing module <Multiplier8x8> in library <work>.
Module <Multiplier8x8> is correct for synthesis.
 
Analyzing module <FA8bit> in library <work>.
Module <FA8bit> is correct for synthesis.
 
Analyzing module <FA> in library <work>.
Module <FA> is correct for synthesis.
 
Analyzing module <HA> in library <work>.
Module <HA> is correct for synthesis.
 
Analyzing module <Multiplier16x16> in library <work>.
Module <Multiplier16x16> is correct for synthesis.
 
Analyzing module <FA16> in library <work>.
Module <FA16> is correct for synthesis.
 
Analyzing module <FA24bit> in library <work>.
Module <FA24bit> is correct for synthesis.
 
Analyzing module <AdderSubtractor32x32> in library <work>.
Module <AdderSubtractor32x32> is correct for synthesis.
 
Analyzing module <division> in library <work>.
	WIDTH = 32'sb00000000000000000000000000100000
Module <division> is correct for synthesis.
 

=========================================================================
*                           HDL Synthesis                               *
=========================================================================

Performing bidirectional port resolution...

Synthesizing Unit <division>.
    Related source file is "division.v".
WARNING:Xst:646 - Signal <p1> is assigned but never used. This unconnected signal will be trimmed during the optimization process.
WARNING:Xst:646 - Signal <b1> is assigned but never used. This unconnected signal will be trimmed during the optimization process.
WARNING:Xst:646 - Signal <a1> is assigned but never used. This unconnected signal will be trimmed during the optimization process.
    Found 33-bit adder for signal <old_p1_101$addsub0000> created at line 47.
    Found 33-bit adder for signal <old_p1_104$addsub0000> created at line 47.
    Found 33-bit adder for signal <old_p1_14$addsub0000> created at line 47.
    Found 33-bit adder for signal <old_p1_17$addsub0000> created at line 47.
    Found 33-bit adder for signal <old_p1_20$addsub0000> created at line 47.
    Found 33-bit adder for signal <old_p1_23$addsub0000> created at line 47.
    Found 33-bit adder for signal <old_p1_26$addsub0000> created at line 47.
    Found 33-bit adder for signal <old_p1_29$addsub0000> created at line 47.
    Found 33-bit adder for signal <old_p1_32$addsub0000> created at line 47.
    Found 33-bit adder for signal <old_p1_35$addsub0000> created at line 47.
    Found 33-bit adder for signal <old_p1_38$addsub0000> created at line 47.
    Found 33-bit adder for signal <old_p1_41$addsub0000> created at line 47.
    Found 33-bit adder for signal <old_p1_44$addsub0000> created at line 47.
    Found 33-bit adder for signal <old_p1_47$addsub0000> created at line 47.
    Found 33-bit adder for signal <old_p1_50$addsub0000> created at line 47.
    Found 33-bit adder for signal <old_p1_53$addsub0000> created at line 47.
    Found 33-bit adder for signal <old_p1_56$addsub0000> created at line 47.
    Found 33-bit adder for signal <old_p1_59$addsub0000> created at line 47.
    Found 33-bit adder for signal <old_p1_62$addsub0000> created at line 47.
    Found 33-bit adder for signal <old_p1_65$addsub0000> created at line 47.
    Found 33-bit adder for signal <old_p1_68$addsub0000> created at line 47.
    Found 33-bit adder for signal <old_p1_71$addsub0000> created at line 47.
    Found 33-bit adder for signal <old_p1_74$addsub0000> created at line 47.
    Found 33-bit adder for signal <old_p1_77$addsub0000> created at line 47.
    Found 33-bit adder for signal <old_p1_80$addsub0000> created at line 47.
    Found 33-bit adder for signal <old_p1_83$addsub0000> created at line 47.
    Found 33-bit adder for signal <old_p1_86$addsub0000> created at line 47.
    Found 33-bit adder for signal <old_p1_89$addsub0000> created at line 47.
    Found 33-bit adder for signal <old_p1_92$addsub0000> created at line 47.
    Found 33-bit adder for signal <old_p1_95$addsub0000> created at line 47.
    Found 33-bit adder for signal <old_p1_98$addsub0000> created at line 47.
    Summary:
	inferred  63 Adder/Subtractor(s).
Unit <division> synthesized.


Synthesizing Unit <HA>.
    Related source file is "HA.v".
    Found 1-bit xor2 for signal <sum>.
Unit <HA> synthesized.


Synthesizing Unit <FA>.
    Related source file is "FA.v".
Unit <FA> synthesized.


Synthesizing Unit <AdderSubtractor32x32>.
    Related source file is "AdderSubtractor32bit.v".
WARNING:Xst:647 - Input <A<31>> is never used. This port will be preserved and left unconnected if it belongs to a top-level block or it belongs to a sub-block and the hierarchy of this sub-block is preserved.
WARNING:Xst:647 - Input <B<31>> is never used. This port will be preserved and left unconnected if it belongs to a top-level block or it belongs to a sub-block and the hierarchy of this sub-block is preserved.
WARNING:Xst:1305 - Output <S<31>> is never assigned. Tied to value 0.
WARNING:Xst:646 - Signal <cin<31>> is assigned but never used. This unconnected signal will be trimmed during the optimization process.
    Found 1-bit xor2 for signal <$xor0000> created at line 38.
    Found 1-bit xor2 for signal <$xor0001> created at line 38.
    Found 1-bit xor2 for signal <$xor0002> created at line 38.
    Found 1-bit xor2 for signal <$xor0003> created at line 38.
    Found 1-bit xor2 for signal <$xor0004> created at line 38.
    Found 1-bit xor2 for signal <$xor0005> created at line 38.
    Found 1-bit xor2 for signal <$xor0006> created at line 38.
    Found 1-bit xor2 for signal <$xor0007> created at line 38.
    Found 1-bit xor2 for signal <$xor0008> created at line 38.
    Found 1-bit xor2 for signal <$xor0009> created at line 38.
    Found 1-bit xor2 for signal <$xor0010> created at line 38.
    Found 1-bit xor2 for signal <$xor0011> created at line 38.
    Found 1-bit xor2 for signal <$xor0012> created at line 38.
    Found 1-bit xor2 for signal <$xor0013> created at line 38.
    Found 1-bit xor2 for signal <$xor0014> created at line 38.
    Found 1-bit xor2 for signal <$xor0015> created at line 38.
    Found 1-bit xor2 for signal <$xor0016> created at line 38.
    Found 1-bit xor2 for signal <$xor0017> created at line 38.
    Found 1-bit xor2 for signal <$xor0018> created at line 38.
    Found 1-bit xor2 for signal <$xor0019> created at line 38.
    Found 1-bit xor2 for signal <$xor0020> created at line 38.
    Found 1-bit xor2 for signal <$xor0021> created at line 38.
    Found 1-bit xor2 for signal <$xor0022> created at line 38.
    Found 1-bit xor2 for signal <$xor0023> created at line 38.
    Found 1-bit xor2 for signal <$xor0024> created at line 38.
    Found 1-bit xor2 for signal <$xor0025> created at line 38.
    Found 1-bit xor2 for signal <$xor0026> created at line 38.
    Found 1-bit xor2 for signal <$xor0027> created at line 38.
    Found 1-bit xor2 for signal <$xor0028> created at line 38.
    Found 1-bit xor2 for signal <$xor0029> created at line 38.
    Found 1-bit xor2 for signal <$xor0030> created at line 38.
Unit <AdderSubtractor32x32> synthesized.


Synthesizing Unit <FA8bit>.
    Related source file is "FA8bit.v".
Unit <FA8bit> synthesized.


Synthesizing Unit <FA16>.
    Related source file is "FA16bit.v".
Unit <FA16> synthesized.


Synthesizing Unit <FA24bit>.
    Related source file is "FA24bit.v".
Unit <FA24bit> synthesized.


Synthesizing Unit <Multiplier8x8>.
    Related source file is "Multiplier8x8.v".
WARNING:Xst:1780 - Signal <c6> is never used or assigned. This unconnected signal will be trimmed during the optimization process.
WARNING:Xst:646 - Signal <S2<0>> is assigned but never used. This unconnected signal will be trimmed during the optimization process.
Unit <Multiplier8x8> synthesized.


Synthesizing Unit <Multiplier16x16>.
    Related source file is "Multiplier16x16.v".
WARNING:Xst:646 - Signal <co3> is assigned but never used. This unconnected signal will be trimmed during the optimization process.
WARNING:Xst:646 - Signal <co2> is assigned but never used. This unconnected signal will be trimmed during the optimization process.
WARNING:Xst:646 - Signal <co1> is assigned but never used. This unconnected signal will be trimmed during the optimization process.
WARNING:Xst:653 - Signal <b0> is used but never assigned. This sourceless signal will be automatically connected to value 0.
Unit <Multiplier16x16> synthesized.


Synthesizing Unit <TemperatureCalculator>.
    Related source file is "TemperatureCalculator.v".
Unit <TemperatureCalculator> synthesized.


=========================================================================
HDL Synthesis Report

Macro Statistics
# Adders/Subtractors                                   : 63
 33-bit adder                                          : 31
 33-bit subtractor                                     : 32
# Xors                                                 : 781
 1-bit xor2                                            : 781

=========================================================================

=========================================================================
*                       Advanced HDL Synthesis                          *
=========================================================================

WARNING:Xst:1290 - Hierarchical block <fa123> is unconnected in block <F2>.
   It will be removed from the design.
WARNING:Xst:1290 - Hierarchical block <fa123> is unconnected in block <F3>.
   It will be removed from the design.
WARNING:Xst:1290 - Hierarchical block <ha2> is unconnected in block <fa0>.
   It will be removed from the design.
WARNING:Xst:1290 - Hierarchical block <ha2> is unconnected in block <fa0>.
   It will be removed from the design.
WARNING:Xst:1290 - Hierarchical block <ha2> is unconnected in block <fa0>.
   It will be removed from the design.
WARNING:Xst:1290 - Hierarchical block <ha2> is unconnected in block <fa0>.
   It will be removed from the design.
WARNING:Xst:1290 - Hierarchical block <ha2> is unconnected in block <fa0>.
   It will be removed from the design.

=========================================================================
Advanced HDL Synthesis Report

Macro Statistics
# Adders/Subtractors                                   : 63
 31-bit adder                                          : 31
 32-bit subtractor                                     : 32
# Xors                                                 : 781
 1-bit xor2                                            : 781

=========================================================================

=========================================================================
*                         Low Level Synthesis                           *
=========================================================================

Optimizing unit <TemperatureCalculator> ...

Optimizing unit <division> ...

Optimizing unit <AdderSubtractor32x32> ...

Optimizing unit <FA8bit> ...

Optimizing unit <FA16> ...

Optimizing unit <FA24bit> ...

Optimizing unit <Multiplier8x8> ...

Mapping all equations...
Building and optimizing final netlist ...
Found area constraint ratio of 100 (+ 5) on block TemperatureCalculator, actual ratio is 207.
Optimizing block <TemperatureCalculator> to meet ratio 100 (+ 5) of 768 slices :
WARNING:Xst:2254 - Area constraint could not be met for block <TemperatureCalculator>, final ratio is 148.

Final Macro Processing ...

=========================================================================
Final Register Report

Found no macro
=========================================================================

=========================================================================
*                           Partition Report                            *
=========================================================================

Partition Implementation Status
-------------------------------

  No Partitions were found in this design.

-------------------------------

=========================================================================
*                            Final Report                               *
=========================================================================
Final Results
RTL Top Level Output File Name     : TemperatureCalculator.ngr
Top Level Output File Name         : TemperatureCalculator
Output Format                      : NGC
Optimization Goal                  : Speed
Keep Hierarchy                     : No

Design Statistics
# IOs                              : 88

Cell Usage :
# BELS                             : 4768
#      GND                         : 1
#      INV                         : 51
#      LUT1                        : 625
#      LUT2                        : 20
#      LUT3                        : 977
#      LUT4                        : 438
#      MUXCY                       : 1301
#      MUXF5                       : 28
#      VCC                         : 1
#      XORCY                       : 1326
# IO Buffers                       : 87
#      IBUF                        : 55
#      OBUF                        : 32
=========================================================================

Device utilization summary:
---------------------------

Selected Device : 3s50pq208-4 

 Number of Slices:                     1121  out of    768   145% (*) 
 Number of 4 input LUTs:               2111  out of   1536   137% (*) 
 Number of IOs:                          88
 Number of bonded IOBs:                  87  out of    124    70%  

WARNING:Xst:1336 -  (*) More than 100% of Device resources are used

---------------------------
Partition Resource Summary:
---------------------------

  No Partitions were found in this design.

---------------------------


=========================================================================
TIMING REPORT

NOTE: THESE TIMING NUMBERS ARE ONLY A SYNTHESIS ESTIMATE.
      FOR ACCURATE TIMING INFORMATION PLEASE REFER TO THE TRACE REPORT
      GENERATED AFTER PLACE-and-ROUTE.

Clock Information:
------------------
No clock signals found in this design

Asynchronous Control Signals Information:
----------------------------------------
No asynchronous control signals found in this design

Timing Summary:
---------------
Speed Grade: -4

   Minimum period: No path found
   Minimum input arrival time before clock: No path found
   Maximum output required time after clock: No path found
   Maximum combinational path delay: 232.877ns

Timing Detail:
--------------
All values displayed in nanoseconds (ns)

=========================================================================
Timing constraint: Default path analysis
  Total number of paths / destination ports: 22873636172190855000000000000000000000000000000000000000000000 / 26
-------------------------------------------------------------------------
Delay:               232.877ns (Levels of Logic = 198)
  Source:            tc_ref<0> (PAD)
  Destination:       tempc<0> (PAD)

  Data Path: tc_ref<0> to tempc<0>
                                Gate     Net
    Cell:in->out      fanout   Delay   Delay  Logical Name (Net Name)
    ----------------------------------------  ------------
     IBUF:I->O           116   0.821   2.673  tc_ref_0_IBUF (out<0>)
     LUT4:I0->O            2   0.551   1.216  multi/FA8bit_0/fa2/co1 (multi/FA8bit_0/c3)
     LUT4:I0->O            2   0.551   1.216  multi/FA8bit_0/fa3/co1 (multi/FA8bit_0/c4)
     LUT4:I0->O            2   0.551   1.216  multi/FA8bit_0/fa4/co1 (multi/FA8bit_0/c5)
     LUT4:I0->O            2   0.551   1.216  multi/FA8bit_0/fa5/co1 (multi/FA8bit_0/c6)
     LUT4:I0->O            2   0.551   1.216  multi/FA8bit_0/fa6/co1 (multi/FA8bit_0/c7)
     LUT3:I0->O            2   0.551   1.216  multi/FA8bit_0/fa7/ha2/Mxor_sum_Result1 (multi/S0<7>)
     LUT4:I0->O            2   0.551   1.216  multi/FA8bit_1/fa6/ha2/Mxor_sum_Result1 (multi/S1<6>)
     LUT4:I0->O            2   0.551   1.216  multi/FA8bit_2/fa5/ha2/Mxor_sum_Result1 (multi/S2<5>)
     LUT3:I0->O            2   0.551   1.216  multi/FA8bit_3/fa4/ha2/Mxor_sum_Result1 (multi/S3<4>)
     LUT4:I0->O            2   0.551   1.216  multi/FA8bit_4/fa3/ha2/Mxor_sum_Result1 (multi/S4<3>)
     LUT4:I0->O           16   0.551   1.263  multi/FA8bit_5/fa2/ha2/Mxor_sum_Result1 (multi/S5<2>)
     LUT4:I3->O           15   0.551   1.527  multi/FA8bit_6/fa1/co1 (multi/FA8bit_6/c2)
     LUT4:I0->O           16   0.551   1.576  multi/FA8bit_6/fa2/co1 (multi/FA8bit_6/c3)
     LUT4:I0->O           16   0.551   1.576  multi/FA8bit_6/fa3/co1 (multi/FA8bit_6/c4)
     LUT4:I0->O           16   0.551   1.576  multi/FA8bit_6/fa4/co1 (multi/FA8bit_6/c5)
     LUT4:I0->O            4   0.551   1.256  multi/FA8bit_6/fa5/co1 (multi/FA8bit_6/c6)
     LUT4:I0->O            1   0.551   0.000  multi/FA8bit_6/fa6/co11 (multi/FA8bit_6/fa6/co1)
     MUXF5:I1->O          30   0.360   1.910  multi/FA8bit_6/fa6/co1_f5 (multi/FA8bit_6/c7)
     LUT4:I2->O            2   0.551   1.216  multi1/second/AB601 (multi1/second/AB60)
     LUT4:I0->O            2   0.551   1.216  multi1/second/FA8bit_0/fa5/ha2/Mxor_sum_Result1 (multi1/second/S0<5>)
     LUT3:I0->O            2   0.551   1.216  multi1/second/FA8bit_1/fa4/ha2/Mxor_sum_Result1 (multi1/second/S1<4>)
     LUT3:I0->O            2   0.551   1.216  multi1/second/FA8bit_2/fa3/ha2/Mxor_sum_Result1 (multi1/second/S2<3>)
     LUT3:I0->O            3   0.551   0.975  multi1/second/FA8bit_3/fa2/ha2/Mxor_sum_Result1 (multi1/second/S3<2>)
     LUT3:I2->O            2   0.551   1.072  multi1/second/FA8bit_4/fa1/co1 (multi1/second/FA8bit_4/c2)
     LUT3:I1->O            2   0.551   1.072  multi1/second/FA8bit_4/fa2/co1 (multi1/second/FA8bit_4/c3)
     LUT3:I1->O            2   0.551   1.072  multi1/second/FA8bit_4/fa3/co1 (multi1/second/FA8bit_4/c4)
     LUT3:I1->O            2   0.551   1.216  multi1/second/FA8bit_4/fa4/co1 (multi1/second/FA8bit_4/c5)
     LUT4:I0->O            2   0.551   0.945  multi1/second/FA8bit_4/fa5/co1 (multi1/second/FA8bit_4/c6)
     LUT3:I2->O            2   0.551   1.216  multi1/second/FA8bit_4/fa6/ha2/Mxor_sum_Result1 (multi1/second/S4<6>)
     LUT4:I0->O            2   0.551   0.945  multi1/second/FA8bit_5/fa5/ha2/Mxor_sum_Result1 (multi1/second/S5<5>)
     LUT3:I2->O            2   0.551   1.216  multi1/second/FA8bit_6/fa4/co1 (multi1/second/FA8bit_6/c5)
     LUT4:I0->O            2   0.551   0.945  multi1/second/FA8bit_6/fa5/co1 (multi1/second/FA8bit_6/c6)
     LUT3:I2->O            3   0.551   1.102  multi1/second/FA8bit_6/fa6/ha2/Mxor_sum_Result1 (multi1/out2<13>)
     LUT3:I1->O            4   0.551   1.256  multi1/F1/fa15/ha2/Mxor_sum_Result51 (multi1/F1/N18)
     LUT4:I0->O            1   0.551   0.000  multi1/F1/fa14/ha2/Mxor_sum_Result12 (multi1/F1/fa14/ha2/Mxor_sum_Result1)
     MUXF5:I1->O           2   0.360   1.216  multi1/F1/fa14/ha2/Mxor_sum_Result1_f5 (multi1/outmid1<14>)
     LUT3:I0->O            2   0.551   1.072  multi1/F3/fa14/ha2/Mxor_sum_Result1 (out1<22>)
     LUT4:I1->O            2   0.551   0.903  adder/loop[22].fa/co1 (adder/cin<23>)
     LUT4:I3->O            2   0.551   0.903  adder/loop[23].fa/co1 (adder/cin<24>)
     LUT4:I3->O            2   0.551   0.903  adder/loop[24].fa/co1 (adder/cin<25>)
     LUT4:I3->O            2   0.551   0.903  adder/loop[25].fa/co1 (adder/cin<26>)
     LUT4:I3->O            2   0.551   0.903  adder/loop[26].fa/co1 (adder/cin<27>)
     LUT4:I3->O            2   0.551   0.903  adder/loop[27].fa/co1 (adder/cin<28>)
     LUT4:I3->O            2   0.551   0.945  adder/loop[28].fa/co1 (adder/cin<29>)
     LUT4:I2->O            1   0.551   0.000  adder/loop[30].fa/ha2/Mxor_sum_Result1 (out2<30>)
     MUXCY:S->O            1   0.500   0.000  devide/Msub__old_p1_31_Madd_cy<5> (devide/Msub__old_p1_31_Madd_cy<5>)
     MUXCY:CI->O           1   0.064   0.000  devide/Msub__old_p1_31_Madd_cy<6> (devide/Msub__old_p1_31_Madd_cy<6>)
     MUXCY:CI->O           1   0.064   0.000  devide/Msub__old_p1_31_Madd_cy<7> (devide/Msub__old_p1_31_Madd_cy<7>)
     MUXCY:CI->O           1   0.064   0.000  devide/Msub__old_p1_31_Madd_cy<8> (devide/Msub__old_p1_31_Madd_cy<8>)
     MUXCY:CI->O           1   0.064   0.000  devide/Msub__old_p1_31_Madd_cy<9> (devide/Msub__old_p1_31_Madd_cy<9>)
     XORCY:CI->O           2   0.904   1.216  devide/Msub__old_p1_31_Madd_xor<10> (devide/_old_p1_31<10>)
     LUT1:I0->O            1   0.551   0.000  devide/Madd_old_p1_32_addsub0000_Madd_cy<10>_rt (devide/Madd_old_p1_32_addsub0000_Madd_cy<10>_rt)
     MUXCY:S->O            1   0.500   0.000  devide/Madd_old_p1_32_addsub0000_Madd_cy<10> (devide/Madd_old_p1_32_addsub0000_Madd_cy<10>)
     XORCY:CI->O           1   0.904   0.869  devide/Madd_old_p1_32_addsub0000_Madd_xor<11> (devide/old_p1_32_addsub0000<11>)
     LUT3:I2->O            1   0.551   0.000  devide/Msub__old_p1_34_Madd_lut<12> (devide/Msub__old_p1_34_Madd_lut<12>)
     MUXCY:S->O            1   0.500   0.000  devide/Msub__old_p1_34_Madd_cy<12> (devide/Msub__old_p1_34_Madd_cy<12>)
     XORCY:CI->O           2   0.904   1.216  devide/Msub__old_p1_34_Madd_xor<13> (devide/_old_p1_34<13>)
     LUT1:I0->O            1   0.551   0.000  devide/Madd_old_p1_35_addsub0000_Madd_cy<13>_rt (devide/Madd_old_p1_35_addsub0000_Madd_cy<13>_rt)
     MUXCY:S->O            1   0.500   0.000  devide/Madd_old_p1_35_addsub0000_Madd_cy<13> (devide/Madd_old_p1_35_addsub0000_Madd_cy<13>)
     XORCY:CI->O           1   0.904   0.869  devide/Madd_old_p1_35_addsub0000_Madd_xor<14> (devide/old_p1_35_addsub0000<14>)
     LUT3:I2->O            1   0.551   0.000  devide/Msub__old_p1_37_Madd_lut<15> (devide/Msub__old_p1_37_Madd_lut<15>)
     MUXCY:S->O            1   0.500   0.000  devide/Msub__old_p1_37_Madd_cy<15> (devide/Msub__old_p1_37_Madd_cy<15>)
     XORCY:CI->O           2   0.904   1.216  devide/Msub__old_p1_37_Madd_xor<16> (devide/_old_p1_37<16>)
     LUT1:I0->O            1   0.551   0.000  devide/Madd_old_p1_38_addsub0000_Madd_cy<16>_rt (devide/Madd_old_p1_38_addsub0000_Madd_cy<16>_rt)
     MUXCY:S->O            1   0.500   0.000  devide/Madd_old_p1_38_addsub0000_Madd_cy<16> (devide/Madd_old_p1_38_addsub0000_Madd_cy<16>)
     XORCY:CI->O           1   0.904   0.869  devide/Madd_old_p1_38_addsub0000_Madd_xor<17> (devide/old_p1_38_addsub0000<17>)
     LUT3:I2->O            1   0.551   0.000  devide/Msub__old_p1_40_Madd_lut<18> (devide/Msub__old_p1_40_Madd_lut<18>)
     MUXCY:S->O            1   0.500   0.000  devide/Msub__old_p1_40_Madd_cy<18> (devide/Msub__old_p1_40_Madd_cy<18>)
     XORCY:CI->O           2   0.904   1.216  devide/Msub__old_p1_40_Madd_xor<19> (devide/_old_p1_40<19>)
     LUT1:I0->O            1   0.551   0.000  devide/Madd_old_p1_41_addsub0000_Madd_cy<19>_rt (devide/Madd_old_p1_41_addsub0000_Madd_cy<19>_rt)
     MUXCY:S->O            1   0.500   0.000  devide/Madd_old_p1_41_addsub0000_Madd_cy<19> (devide/Madd_old_p1_41_addsub0000_Madd_cy<19>)
     XORCY:CI->O           1   0.904   0.869  devide/Madd_old_p1_41_addsub0000_Madd_xor<20> (devide/old_p1_41_addsub0000<20>)
     LUT3:I2->O            1   0.551   0.000  devide/Msub__old_p1_43_Madd_lut<21> (devide/Msub__old_p1_43_Madd_lut<21>)
     MUXCY:S->O            1   0.500   0.000  devide/Msub__old_p1_43_Madd_cy<21> (devide/Msub__old_p1_43_Madd_cy<21>)
     XORCY:CI->O           2   0.904   1.216  devide/Msub__old_p1_43_Madd_xor<22> (devide/_old_p1_43<22>)
     LUT1:I0->O            1   0.551   0.000  devide/Madd_old_p1_44_addsub0000_Madd_cy<22>_rt (devide/Madd_old_p1_44_addsub0000_Madd_cy<22>_rt)
     MUXCY:S->O            1   0.500   0.000  devide/Madd_old_p1_44_addsub0000_Madd_cy<22> (devide/Madd_old_p1_44_addsub0000_Madd_cy<22>)
     XORCY:CI->O           1   0.904   0.869  devide/Madd_old_p1_44_addsub0000_Madd_xor<23> (devide/old_p1_44_addsub0000<23>)
     LUT3:I2->O            1   0.551   0.000  devide/Msub__old_p1_46_Madd_lut<24> (devide/Msub__old_p1_46_Madd_lut<24>)
     MUXCY:S->O            1   0.500   0.000  devide/Msub__old_p1_46_Madd_cy<24> (devide/Msub__old_p1_46_Madd_cy<24>)
     XORCY:CI->O           2   0.904   1.216  devide/Msub__old_p1_46_Madd_xor<25> (devide/_old_p1_46<25>)
     LUT1:I0->O            1   0.551   0.000  devide/Madd_old_p1_47_addsub0000_Madd_cy<25>_rt (devide/Madd_old_p1_47_addsub0000_Madd_cy<25>_rt)
     MUXCY:S->O            1   0.500   0.000  devide/Madd_old_p1_47_addsub0000_Madd_cy<25> (devide/Madd_old_p1_47_addsub0000_Madd_cy<25>)
     XORCY:CI->O           1   0.904   0.869  devide/Madd_old_p1_47_addsub0000_Madd_xor<26> (devide/old_p1_47_addsub0000<26>)
     LUT3:I2->O            1   0.551   0.000  devide/Msub__old_p1_49_Madd_lut<27> (devide/Msub__old_p1_49_Madd_lut<27>)
     MUXCY:S->O            1   0.500   0.000  devide/Msub__old_p1_49_Madd_cy<27> (devide/Msub__old_p1_49_Madd_cy<27>)
     XORCY:CI->O           2   0.904   1.216  devide/Msub__old_p1_49_Madd_xor<28> (devide/_old_p1_49<28>)
     LUT1:I0->O            1   0.551   0.000  devide/Madd_old_p1_50_addsub0000_Madd_cy<28>_rt (devide/Madd_old_p1_50_addsub0000_Madd_cy<28>_rt)
     MUXCY:S->O            1   0.500   0.000  devide/Madd_old_p1_50_addsub0000_Madd_cy<28> (devide/Madd_old_p1_50_addsub0000_Madd_cy<28>)
     XORCY:CI->O           1   0.904   0.869  devide/Madd_old_p1_50_addsub0000_Madd_xor<29> (devide/old_p1_50_addsub0000<29>)
     LUT3:I2->O            1   0.551   0.000  devide/Msub__old_p1_52_Madd_lut<30> (devide/Msub__old_p1_52_Madd_lut<30>)
     MUXCY:S->O            0   0.500   0.000  devide/Msub__old_p1_52_Madd_cy<30> (devide/Msub__old_p1_52_Madd_cy<30>)
     XORCY:CI->O          27   0.904   2.163  devide/Msub__old_p1_52_Madd_xor<31> (devide/_old_p1_52<31>)
     LUT3:I0->O            1   0.551   0.000  devide/Msub__old_p1_55_Madd_lut<6> (devide/Msub__old_p1_55_Madd_lut<6>)
     MUXCY:S->O            1   0.500   0.000  devide/Msub__old_p1_55_Madd_cy<6> (devide/Msub__old_p1_55_Madd_cy<6>)
     XORCY:CI->O           2   0.904   1.216  devide/Msub__old_p1_55_Madd_xor<7> (devide/_old_p1_55<7>)
     LUT1:I0->O            1   0.551   0.000  devide/Madd_old_p1_56_addsub0000_Madd_cy<7>_rt (devide/Madd_old_p1_56_addsub0000_Madd_cy<7>_rt)
     MUXCY:S->O            1   0.500   0.000  devide/Madd_old_p1_56_addsub0000_Madd_cy<7> (devide/Madd_old_p1_56_addsub0000_Madd_cy<7>)
     XORCY:CI->O           1   0.904   0.869  devide/Madd_old_p1_56_addsub0000_Madd_xor<8> (devide/old_p1_56_addsub0000<8>)
     LUT3:I2->O            1   0.551   0.000  devide/Msub__old_p1_58_Madd_lut<9> (devide/Msub__old_p1_58_Madd_lut<9>)
     MUXCY:S->O            1   0.500   0.000  devide/Msub__old_p1_58_Madd_cy<9> (devide/Msub__old_p1_58_Madd_cy<9>)
     XORCY:CI->O           2   0.904   1.216  devide/Msub__old_p1_58_Madd_xor<10> (devide/_old_p1_58<10>)
     LUT1:I0->O            1   0.551   0.000  devide/Madd_old_p1_59_addsub0000_Madd_cy<10>_rt (devide/Madd_old_p1_59_addsub0000_Madd_cy<10>_rt)
     MUXCY:S->O            1   0.500   0.000  devide/Madd_old_p1_59_addsub0000_Madd_cy<10> (devide/Madd_old_p1_59_addsub0000_Madd_cy<10>)
     XORCY:CI->O           1   0.904   0.869  devide/Madd_old_p1_59_addsub0000_Madd_xor<11> (devide/old_p1_59_addsub0000<11>)
     LUT3:I2->O            1   0.551   0.000  devide/Msub__old_p1_61_Madd_lut<12> (devide/Msub__old_p1_61_Madd_lut<12>)
     MUXCY:S->O            1   0.500   0.000  devide/Msub__old_p1_61_Madd_cy<12> (devide/Msub__old_p1_61_Madd_cy<12>)
     XORCY:CI->O           2   0.904   1.216  devide/Msub__old_p1_61_Madd_xor<13> (devide/_old_p1_61<13>)
     LUT1:I0->O            1   0.551   0.000  devide/Madd_old_p1_62_addsub0000_Madd_cy<13>_rt (devide/Madd_old_p1_62_addsub0000_Madd_cy<13>_rt)
     MUXCY:S->O            1   0.500   0.000  devide/Madd_old_p1_62_addsub0000_Madd_cy<13> (devide/Madd_old_p1_62_addsub0000_Madd_cy<13>)
     XORCY:CI->O           1   0.904   0.869  devide/Madd_old_p1_62_addsub0000_Madd_xor<14> (devide/old_p1_62_addsub0000<14>)
     LUT3:I2->O            1   0.551   0.000  devide/Msub__old_p1_64_Madd_lut<15> (devide/Msub__old_p1_64_Madd_lut<15>)
     MUXCY:S->O            1   0.500   0.000  devide/Msub__old_p1_64_Madd_cy<15> (devide/Msub__old_p1_64_Madd_cy<15>)
     XORCY:CI->O           2   0.904   1.216  devide/Msub__old_p1_64_Madd_xor<16> (devide/_old_p1_64<16>)
     LUT1:I0->O            1   0.551   0.000  devide/Madd_old_p1_65_addsub0000_Madd_cy<16>_rt (devide/Madd_old_p1_65_addsub0000_Madd_cy<16>_rt)
     MUXCY:S->O            1   0.500   0.000  devide/Madd_old_p1_65_addsub0000_Madd_cy<16> (devide/Madd_old_p1_65_addsub0000_Madd_cy<16>)
     XORCY:CI->O           1   0.904   0.869  devide/Madd_old_p1_65_addsub0000_Madd_xor<17> (devide/old_p1_65_addsub0000<17>)
     LUT3:I2->O            1   0.551   0.000  devide/Msub__old_p1_67_Madd_lut<18> (devide/Msub__old_p1_67_Madd_lut<18>)
     MUXCY:S->O            1   0.500   0.000  devide/Msub__old_p1_67_Madd_cy<18> (devide/Msub__old_p1_67_Madd_cy<18>)
     XORCY:CI->O           2   0.904   1.216  devide/Msub__old_p1_67_Madd_xor<19> (devide/_old_p1_67<19>)
     LUT1:I0->O            1   0.551   0.000  devide/Madd_old_p1_68_addsub0000_Madd_cy<19>_rt (devide/Madd_old_p1_68_addsub0000_Madd_cy<19>_rt)
     MUXCY:S->O            1   0.500   0.000  devide/Madd_old_p1_68_addsub0000_Madd_cy<19> (devide/Madd_old_p1_68_addsub0000_Madd_cy<19>)
     XORCY:CI->O           1   0.904   0.869  devide/Madd_old_p1_68_addsub0000_Madd_xor<20> (devide/old_p1_68_addsub0000<20>)
     LUT3:I2->O            1   0.551   0.000  devide/Msub__old_p1_70_Madd_lut<21> (devide/Msub__old_p1_70_Madd_lut<21>)
     MUXCY:S->O            1   0.500   0.000  devide/Msub__old_p1_70_Madd_cy<21> (devide/Msub__old_p1_70_Madd_cy<21>)
     XORCY:CI->O           2   0.904   1.216  devide/Msub__old_p1_70_Madd_xor<22> (devide/_old_p1_70<22>)
     LUT1:I0->O            1   0.551   0.000  devide/Madd_old_p1_71_addsub0000_Madd_cy<22>_rt (devide/Madd_old_p1_71_addsub0000_Madd_cy<22>_rt)
     MUXCY:S->O            1   0.500   0.000  devide/Madd_old_p1_71_addsub0000_Madd_cy<22> (devide/Madd_old_p1_71_addsub0000_Madd_cy<22>)
     XORCY:CI->O           1   0.904   0.869  devide/Madd_old_p1_71_addsub0000_Madd_xor<23> (devide/old_p1_71_addsub0000<23>)
     LUT3:I2->O            1   0.551   0.000  devide/Msub__old_p1_73_Madd_lut<24> (devide/Msub__old_p1_73_Madd_lut<24>)
     MUXCY:S->O            1   0.500   0.000  devide/Msub__old_p1_73_Madd_cy<24> (devide/Msub__old_p1_73_Madd_cy<24>)
     XORCY:CI->O           2   0.904   1.216  devide/Msub__old_p1_73_Madd_xor<25> (devide/_old_p1_73<25>)
     LUT1:I0->O            1   0.551   0.000  devide/Madd_old_p1_74_addsub0000_Madd_cy<25>_rt (devide/Madd_old_p1_74_addsub0000_Madd_cy<25>_rt)
     MUXCY:S->O            1   0.500   0.000  devide/Madd_old_p1_74_addsub0000_Madd_cy<25> (devide/Madd_old_p1_74_addsub0000_Madd_cy<25>)
     XORCY:CI->O           1   0.904   0.869  devide/Madd_old_p1_74_addsub0000_Madd_xor<26> (devide/old_p1_74_addsub0000<26>)
     LUT3:I2->O            1   0.551   0.000  devide/Msub__old_p1_76_Madd_lut<27> (devide/Msub__old_p1_76_Madd_lut<27>)
     MUXCY:S->O            1   0.500   0.000  devide/Msub__old_p1_76_Madd_cy<27> (devide/Msub__old_p1_76_Madd_cy<27>)
     XORCY:CI->O           2   0.904   1.216  devide/Msub__old_p1_76_Madd_xor<28> (devide/_old_p1_76<28>)
     LUT1:I0->O            1   0.551   0.000  devide/Madd_old_p1_77_addsub0000_Madd_cy<28>_rt (devide/Madd_old_p1_77_addsub0000_Madd_cy<28>_rt)
     MUXCY:S->O            1   0.500   0.000  devide/Madd_old_p1_77_addsub0000_Madd_cy<28> (devide/Madd_old_p1_77_addsub0000_Madd_cy<28>)
     XORCY:CI->O           1   0.904   0.869  devide/Madd_old_p1_77_addsub0000_Madd_xor<29> (devide/old_p1_77_addsub0000<29>)
     LUT3:I2->O            1   0.551   0.000  devide/Msub__old_p1_79_Madd_lut<30> (devide/Msub__old_p1_79_Madd_lut<30>)
     MUXCY:S->O            0   0.500   0.000  devide/Msub__old_p1_79_Madd_cy<30> (devide/Msub__old_p1_79_Madd_cy<30>)
     XORCY:CI->O          27   0.904   2.163  devide/Msub__old_p1_79_Madd_xor<31> (devide/_old_p1_79<31>)
     LUT3:I0->O            1   0.551   0.000  devide/Msub__old_p1_82_Madd_lut<6> (devide/Msub__old_p1_82_Madd_lut<6>)
     MUXCY:S->O            1   0.500   0.000  devide/Msub__old_p1_82_Madd_cy<6> (devide/Msub__old_p1_82_Madd_cy<6>)
     XORCY:CI->O           2   0.904   1.216  devide/Msub__old_p1_82_Madd_xor<7> (devide/_old_p1_82<7>)
     LUT1:I0->O            1   0.551   0.000  devide/Madd_old_p1_83_addsub0000_Madd_cy<7>_rt (devide/Madd_old_p1_83_addsub0000_Madd_cy<7>_rt)
     MUXCY:S->O            1   0.500   0.000  devide/Madd_old_p1_83_addsub0000_Madd_cy<7> (devide/Madd_old_p1_83_addsub0000_Madd_cy<7>)
     XORCY:CI->O           1   0.904   0.869  devide/Madd_old_p1_83_addsub0000_Madd_xor<8> (devide/old_p1_83_addsub0000<8>)
     LUT3:I2->O            1   0.551   0.000  devide/Msub__old_p1_85_Madd_lut<9> (devide/Msub__old_p1_85_Madd_lut<9>)
     MUXCY:S->O            1   0.500   0.000  devide/Msub__old_p1_85_Madd_cy<9> (devide/Msub__old_p1_85_Madd_cy<9>)
     XORCY:CI->O           2   0.904   1.216  devide/Msub__old_p1_85_Madd_xor<10> (devide/_old_p1_85<10>)
     LUT1:I0->O            1   0.551   0.000  devide/Madd_old_p1_86_addsub0000_Madd_cy<10>_rt (devide/Madd_old_p1_86_addsub0000_Madd_cy<10>_rt)
     MUXCY:S->O            1   0.500   0.000  devide/Madd_old_p1_86_addsub0000_Madd_cy<10> (devide/Madd_old_p1_86_addsub0000_Madd_cy<10>)
     XORCY:CI->O           1   0.904   0.869  devide/Madd_old_p1_86_addsub0000_Madd_xor<11> (devide/old_p1_86_addsub0000<11>)
     LUT3:I2->O            1   0.551   0.000  devide/Msub__old_p1_88_Madd_lut<12> (devide/Msub__old_p1_88_Madd_lut<12>)
     MUXCY:S->O            1   0.500   0.000  devide/Msub__old_p1_88_Madd_cy<12> (devide/Msub__old_p1_88_Madd_cy<12>)
     XORCY:CI->O           2   0.904   1.216  devide/Msub__old_p1_88_Madd_xor<13> (devide/_old_p1_88<13>)
     LUT1:I0->O            1   0.551   0.000  devide/Madd_old_p1_89_addsub0000_Madd_cy<13>_rt (devide/Madd_old_p1_89_addsub0000_Madd_cy<13>_rt)
     MUXCY:S->O            1   0.500   0.000  devide/Madd_old_p1_89_addsub0000_Madd_cy<13> (devide/Madd_old_p1_89_addsub0000_Madd_cy<13>)
     XORCY:CI->O           1   0.904   0.869  devide/Madd_old_p1_89_addsub0000_Madd_xor<14> (devide/old_p1_89_addsub0000<14>)
     LUT3:I2->O            1   0.551   0.000  devide/Msub__old_p1_91_Madd_lut<15> (devide/Msub__old_p1_91_Madd_lut<15>)
     MUXCY:S->O            1   0.500   0.000  devide/Msub__old_p1_91_Madd_cy<15> (devide/Msub__old_p1_91_Madd_cy<15>)
     XORCY:CI->O           2   0.904   1.216  devide/Msub__old_p1_91_Madd_xor<16> (devide/_old_p1_91<16>)
     LUT1:I0->O            1   0.551   0.000  devide/Madd_old_p1_92_addsub0000_Madd_cy<16>_rt (devide/Madd_old_p1_92_addsub0000_Madd_cy<16>_rt)
     MUXCY:S->O            1   0.500   0.000  devide/Madd_old_p1_92_addsub0000_Madd_cy<16> (devide/Madd_old_p1_92_addsub0000_Madd_cy<16>)
     XORCY:CI->O           1   0.904   0.869  devide/Madd_old_p1_92_addsub0000_Madd_xor<17> (devide/old_p1_92_addsub0000<17>)
     LUT3:I2->O            1   0.551   0.000  devide/Msub__old_p1_94_Madd_lut<18> (devide/Msub__old_p1_94_Madd_lut<18>)
     MUXCY:S->O            1   0.500   0.000  devide/Msub__old_p1_94_Madd_cy<18> (devide/Msub__old_p1_94_Madd_cy<18>)
     XORCY:CI->O           2   0.904   1.216  devide/Msub__old_p1_94_Madd_xor<19> (devide/_old_p1_94<19>)
     LUT1:I0->O            1   0.551   0.000  devide/Madd_old_p1_95_addsub0000_Madd_cy<19>_rt (devide/Madd_old_p1_95_addsub0000_Madd_cy<19>_rt)
     MUXCY:S->O            1   0.500   0.000  devide/Madd_old_p1_95_addsub0000_Madd_cy<19> (devide/Madd_old_p1_95_addsub0000_Madd_cy<19>)
     XORCY:CI->O           1   0.904   0.869  devide/Madd_old_p1_95_addsub0000_Madd_xor<20> (devide/old_p1_95_addsub0000<20>)
     LUT3:I2->O            1   0.551   0.000  devide/Msub__old_p1_97_Madd_lut<21> (devide/Msub__old_p1_97_Madd_lut<21>)
     MUXCY:S->O            1   0.500   0.000  devide/Msub__old_p1_97_Madd_cy<21> (devide/Msub__old_p1_97_Madd_cy<21>)
     XORCY:CI->O           2   0.904   1.216  devide/Msub__old_p1_97_Madd_xor<22> (devide/_old_p1_97<22>)
     LUT1:I0->O            1   0.551   0.000  devide/Madd_old_p1_98_addsub0000_Madd_cy<22>_rt (devide/Madd_old_p1_98_addsub0000_Madd_cy<22>_rt)
     MUXCY:S->O            1   0.500   0.000  devide/Madd_old_p1_98_addsub0000_Madd_cy<22> (devide/Madd_old_p1_98_addsub0000_Madd_cy<22>)
     XORCY:CI->O           1   0.904   0.869  devide/Madd_old_p1_98_addsub0000_Madd_xor<23> (devide/old_p1_98_addsub0000<23>)
     LUT3:I2->O            1   0.551   0.000  devide/Msub__old_p1_100_Madd_lut<24> (devide/Msub__old_p1_100_Madd_lut<24>)
     MUXCY:S->O            1   0.500   0.000  devide/Msub__old_p1_100_Madd_cy<24> (devide/Msub__old_p1_100_Madd_cy<24>)
     XORCY:CI->O           2   0.904   1.216  devide/Msub__old_p1_100_Madd_xor<25> (devide/_old_p1_100<25>)
     LUT1:I0->O            1   0.551   0.000  devide/Madd_old_p1_101_addsub0000_Madd_cy<25>_rt (devide/Madd_old_p1_101_addsub0000_Madd_cy<25>_rt)
     MUXCY:S->O            1   0.500   0.000  devide/Madd_old_p1_101_addsub0000_Madd_cy<25> (devide/Madd_old_p1_101_addsub0000_Madd_cy<25>)
     XORCY:CI->O           1   0.904   0.869  devide/Madd_old_p1_101_addsub0000_Madd_xor<26> (devide/old_p1_101_addsub0000<26>)
     LUT3:I2->O            1   0.551   0.000  devide/Msub__old_p1_103_Madd_lut<27> (devide/Msub__old_p1_103_Madd_lut<27>)
     MUXCY:S->O            1   0.500   0.000  devide/Msub__old_p1_103_Madd_cy<27> (devide/Msub__old_p1_103_Madd_cy<27>)
     XORCY:CI->O           2   0.904   1.216  devide/Msub__old_p1_103_Madd_xor<28> (devide/_old_p1_103<28>)
     LUT1:I0->O            1   0.551   0.000  devide/Madd_old_p1_104_addsub0000_Madd_cy<28>_rt (devide/Madd_old_p1_104_addsub0000_Madd_cy<28>_rt)
     MUXCY:S->O            1   0.500   0.000  devide/Madd_old_p1_104_addsub0000_Madd_cy<28> (devide/Madd_old_p1_104_addsub0000_Madd_cy<28>)
     XORCY:CI->O           1   0.904   0.869  devide/Madd_old_p1_104_addsub0000_Madd_xor<29> (devide/old_p1_104_addsub0000<29>)
     LUT3:I2->O            1   0.551   0.000  devide/Msub__old_p1_106_Madd_lut<30> (devide/Msub__old_p1_106_Madd_lut<30>)
     MUXCY:S->O            0   0.500   0.000  devide/Msub__old_p1_106_Madd_cy<30> (devide/Msub__old_p1_106_Madd_cy<30>)
     XORCY:CI->O           1   0.904   0.801  devide/Msub__old_p1_106_Madd_xor<31> (devide/_old_p1_106<31>)
     INV:I->O              1   0.551   0.801  devide/Res_mux00001_INV_0 (tempc_0_OBUF)
     OBUF:I->O                 5.644          tempc_0_OBUF (tempc<0>)
    ----------------------------------------
    Total                    232.877ns (126.929ns logic, 105.948ns route)
                                       (54.5% logic, 45.5% route)

=========================================================================


Total REAL time to Xst completion: 50.00 secs
Total CPU time to Xst completion: 50.06 secs
 
--> 

Total memory usage is 4619196 kilobytes

Number of errors   :    0 (   0 filtered)
Number of warnings :   63 (   0 filtered)
Number of infos    :    0 (   0 filtered)

